
Map of Debug\new_lev.sm8 from link file Debug\new_lev.lkf - Thu Jul 26 11:17:50 2012


                               --------
                               Segments
                               --------

start 00008080 end 00008290 length   528 segment .const
start 00008293 end 0000ac02 length 10607 segment .text
start 00004000 end 00004000 length     0 segment .eeprom
start 00000000 end 00000000 length     0 segment .bsct
start 00000000 end 0000000a length    10 segment .ubsct
start 0000000a end 0000000a length     0 segment .bit
start 0000000a end 0000000a length     0 segment .share
start 00000100 end 00000100 length     0 segment .data
start 00000100 end 00000300 length   512 segment .bss
start 00000000 end 00000d85 length  3461 segment .info.
start 00000000 end 0000efb8 length 61368 segment .debug
start 00008000 end 00008080 length   128 segment .const
start 00008290 end 00008293 length     3 segment .init


                               -------
                               Modules
                               -------

C:\Program Files\COSMIC\CXSTM8_32K\Lib\crtsi0.sm8:
start 00008293 end 000082de length    75 section .text
start 00000100 end 00000100 length     0 section .bss
start 00000000 end 00000000 length     0 section .ubsct
start 00000000 end 0000002f length    47 section .info.

Debug\modbus_crc.o:
start 000082de end 00008325 length    71 section .text
start 00000000 end 00000188 length   392 section .debug
start 0000002f end 000000a2 length   115 section .info.
start 00008080 end 00008280 length   512 section .const

Debug\uart2.o:
start 00008325 end 00008482 length   349 section .text
start 00000100 end 00000142 length    66 section .bss
start 00000188 end 0000051e length   918 section .debug
start 000000a2 end 00000110 length   110 section .info.

Debug\timer4_8bit.o:
start 00008482 end 000084f5 length   115 section .text
start 0000051e end 00000678 length   346 section .debug
start 00000110 end 00000184 length   116 section .info.

Debug\timer3.o:
start 000084f5 end 0000866d length   376 section .text
start 00000142 end 00000147 length     5 section .bss
start 00000678 end 00000854 length   476 section .debug
start 00000184 end 000001f3 length   111 section .info.

Debug\mosfet_control.o:
start ******** end ******** length     0 section .text *** removed ***
start 00000854 end 000009c8 length   372 section .debug
start 000001f3 end 0000026a length   119 section .info.

Debug\led_pwm_control.o:
start 0000866d end 0000872b length   190 section .text
start 000009c8 end 00000b00 length   312 section .debug
start 0000026a end 000002e2 length   120 section .info.

Debug\gpio_control.o:
start 0000872b end 000087be length   147 section .text
start 00000b00 end 00000d01 length   513 section .debug
start 000002e2 end 00000357 length   117 section .info.

Debug\clk_setting.o:
start 000087be end 000087fe length    64 section .text
start 00000d01 end 00000dbb length   186 section .debug
start 00000357 end 000003cb length   116 section .info.

Debug\button_control.o:
start 000087fe end 0000886d length   111 section .text
start 00000147 end 0000014d length     6 section .bss
start 00000dbb end 00000f80 length   453 section .debug
start 000003cb end 00000442 length   119 section .info.

Debug\adc_read.o:
start 0000886d end 00008915 length   168 section .text
start ******** end ******** length     0 section .bss *** removed ***
start 00000f80 end 000010a4 length   292 section .debug
start 00000442 end 000004b3 length   113 section .info.

Debug\sys_info_eeprom.o:
start 000010a4 end 000010e8 length    68 section .debug
start 000004b3 end 0000052b length   120 section .info.

Debug\lev_g2_main_fun.o:
start 00008915 end 000089b0 length   155 section .text
start ******** end ******** length     0 section .bss *** removed ***
start 000010e8 end 00001208 length   288 section .debug
start 0000052b end 000005a3 length   120 section .info.

Debug\main.o:
start 000089b0 end 00008a42 length   146 section .text
start 0000014d end 00000300 length   435 section .bss
start 00001208 end 00001383 length   379 section .debug
start 000005a3 end 00000610 length   109 section .info.

Debug\stm8s_adc1.o:
start 00008a42 end 00008e75 length  1075 section .text
start 00001383 end 00002940 length  5565 section .debug
start 00000610 end 00000683 length   115 section .info.

Debug\stm8s_clk.o:
start 00008e75 end 000091d5 length   864 section .text
start 00002940 end 00003f97 length  5719 section .debug
start 00000683 end 000006f5 length   114 section .info.
start 00008280 end 0000828c length    12 section .const

Debug\stm8s_exti.o:
start 000091d5 end 000092bd length   232 section .text
start 00003f97 end 0000441e length  1159 section .debug
start 000006f5 end 00000768 length   115 section .info.

Debug\stm8s_gpio.o:
start 000092bd end 0000936f length   178 section .text
start 0000441e end 00004e24 length  2566 section .debug
start 00000768 end 000007db length   115 section .info.

Debug\stm8s_tim1.o:
start 0000936f end 00009c3e length  2255 section .text
start 00004e24 end 00008cda length 16054 section .debug
start 000007db end 0000084e length   115 section .info.

Debug\stm8s_tim2.o:
start 00009c3e end 0000a118 length  1242 section .text
start 00008cda end 0000af5e length  8836 section .debug
start 0000084e end 000008c1 length   115 section .info.

Debug\stm8s_tim3.o:
start 0000a118 end 0000a4d8 length   960 section .text
start 0000af5e end 0000cd08 length  7594 section .debug
start 000008c1 end 00000934 length   115 section .info.

Debug\stm8s_tim4.o:
start 0000a4d8 end 0000a5b6 length   222 section .text
start 0000cd08 end 0000d8ab length  2979 section .debug
start 00000934 end 000009a7 length   115 section .info.

Debug\stm8s_uart2.o:
start 0000a5b6 end 0000aa11 length  1115 section .text
start 0000d8ab end 0000ee4d length  5538 section .debug
start 000009a7 end 00000a1b length   116 section .info.
start 0000828c end 00008290 length     4 section .const

(C:\Program Files\COSMIC\CXSTM8_32K\Lib\libm0.sm8)lcmp.o:
start 0000aa11 end 0000aa31 length    32 section .text
start 00000a1b end 00000a49 length    46 section .info.

(C:\Program Files\COSMIC\CXSTM8_32K\Lib\libm0.sm8)lgadc.o:
start 0000aa31 end 0000aa41 length    16 section .text
start 00000a49 end 00000a78 length    47 section .info.

(C:\Program Files\COSMIC\CXSTM8_32K\Lib\libm0.sm8)llsh.o:
start 0000aa41 end 0000aa50 length    15 section .text
start 00000a78 end 00000aa6 length    46 section .info.

(C:\Program Files\COSMIC\CXSTM8_32K\Lib\libm0.sm8)lreg.o:
start 00000000 end 00000004 length     4 section .ubsct
start 00000aa6 end 00000ad4 length    46 section .info.

(C:\Program Files\COSMIC\CXSTM8_32K\Lib\libm0.sm8)lsub.o:
start 0000aa50 end 0000aa68 length    24 section .text
start 00000ad4 end 00000b02 length    46 section .info.

(C:\Program Files\COSMIC\CXSTM8_32K\Lib\libm0.sm8)ltor.o:
start 0000aa68 end 0000aa7a length    18 section .text
start 00000b02 end 00000b30 length    46 section .info.

(C:\Program Files\COSMIC\CXSTM8_32K\Lib\libm0.sm8)ludiv.o:
start 0000aa7a end 0000aa8e length    20 section .text
start 00000b30 end 00000b5f length    47 section .info.

(C:\Program Files\COSMIC\CXSTM8_32K\Lib\libm0.sm8)ldiv.o:
start 0000aa8e end 0000ab79 length   235 section .text
start 00000b5f end 00000b8d length    46 section .info.

(C:\Program Files\COSMIC\CXSTM8_32K\Lib\libm0.sm8)lgneg.o:
start 0000ab79 end 0000ab8c length    19 section .text
start 00000b8d end 00000bbc length    47 section .info.

(C:\Program Files\COSMIC\CXSTM8_32K\Lib\libm0.sm8)lneg.o:
start 0000ab8c end 0000aba1 length    21 section .text
start 00000bbc end 00000bea length    46 section .info.

(C:\Program Files\COSMIC\CXSTM8_32K\Lib\libm0.sm8)lursh.o:
start 0000aba1 end 0000abb0 length    15 section .text
start 00000bea end 00000c19 length    47 section .info.

(C:\Program Files\COSMIC\CXSTM8_32K\Lib\libm0.sm8)rtol.o:
start 0000abb0 end 0000abc2 length    18 section .text
start 00000c19 end 00000c47 length    46 section .info.

(C:\Program Files\COSMIC\CXSTM8_32K\Lib\libm0.sm8)smul.o:
start 0000abc2 end 0000ac01 length    63 section .text
start 00000c47 end 00000c75 length    46 section .info.

(C:\Program Files\COSMIC\CXSTM8_32K\Lib\libm0.sm8)xreg.o:
start 00000004 end 00000007 length     3 section .ubsct
start 00000c75 end 00000ca3 length    46 section .info.

(C:\Program Files\COSMIC\CXSTM8_32K\Lib\libm0.sm8)yreg.o:
start 00000007 end 0000000a length     3 section .ubsct
start 00000ca3 end 00000cd1 length    46 section .info.

Debug\stm8_interrupt_vector.o:
start 0000ac01 end 0000ac02 length     1 section .text
start 0000ee4d end 0000efb8 length   363 section .debug
start 00000cd1 end 00000d4f length   126 section .info.
start 00008000 end 00008080 length   128 section .const


                             -----------
                             Stack usage
                             -----------

Debug\adc_read.o:
_adc_init                           17   (2)
f_ADC1_IRQHandler               >   19   (11)

Debug\button_control.o:
_button_init                         8   (2)
_getButtonStatus                >    7   (2)
f_EXTI_PORTE_IRQHandler         >   23   (11)

Debug\clk_setting.o:
_clk_setup                           6   (2)

Debug\gpio_control.o:
_getPIC_OVP_Status                   7   (2)
_getPIC_UVP_Status                   7   (2)
_gpio_init                      >    8   (2)
_setADP_SOC                     >    7   (2)
_setURAT_OUTPUT_CONTROL_PIN     >    7   (2)

Debug\led_pwm_control.o:
_LED_test_init                       8   (2)
_tim1_init                      >   16   (2)
_tim2_init                      >   10   (2)

Debug\lev_g2_main_fun.o:
_FirstInitial_Func                  14   (2)
_Startup_Func                       54   (2)

Debug\main.o:
_main                           >   56   (2)

Debug\modbus_crc.o:
_usMBCRC16                          10   (10)

Debug\stm8_interrupt_vector.o:
f_NonHandledInterrupt           >    5   (5)

Debug\stm8s_adc1.o:
_ADC1_AWDChannelConfig          >    4   (4)
_ADC1_ClearFlag                 >    4   (4)
_ADC1_ClearITPendingBit              5   (5)
_ADC1_Cmd                       >    2   (2)
_ADC1_ConversionConfig               5   (5)
_ADC1_DataBufferCmd                  2   (2)
_ADC1_DeInit                    >    2   (2)
_ADC1_ExternalTriggerConfig          4   (4)
_ADC1_GetAWDChannelStatus       >    4   (4)
_ADC1_GetBufferValue                 8   (8)
_ADC1_GetConversionValue        >    7   (7)
_ADC1_GetFlagStatus             >    4   (4)
_ADC1_GetITStatus               >    5   (5)
_ADC1_ITConfig                       5   (5)
_ADC1_Init                          15   (10)
_ADC1_PrescalerConfig                3   (3)
_ADC1_ScanModeCmd                    2   (2)
_ADC1_SchmittTriggerConfig           4   (4)
_ADC1_SetHighThreshold          >    4   (4)
_ADC1_SetLowThreshold           >    2   (2)
_ADC1_StartConversion                2   (2)

Debug\stm8s_clk.o:
_CLK_AdjustHSICalibrationValue  >    3   (3)
_CLK_CCOCmd                     >    2   (2)
_CLK_CCOConfig                  >    3   (3)
_CLK_ClearITPendingBit          >    2   (2)
_CLK_ClockSecuritySystemEnable  >    2   (2)
_CLK_ClockSwitchCmd             >    2   (2)
_CLK_ClockSwitchConfig          >   10   (10)
_CLK_DeInit                     >    2   (2)
_CLK_FastHaltWakeUpCmd          >    2   (2)
_CLK_GetClockFreq                   25   (11)
_CLK_GetFlagStatus              >    7   (7)
_CLK_GetITStatus                >    4   (4)
_CLK_GetSYSCLKSource            >    2   (2)
_CLK_HSECmd                     >    2   (2)
_CLK_HSICmd                     >    2   (2)
_CLK_HSIPrescalerConfig              3   (3)
_CLK_ITConfig                   >    4   (4)
_CLK_LSICmd                     >    2   (2)
_CLK_PeripheralClockConfig           4   (4)
_CLK_SWIMConfig                 >    2   (2)
_CLK_SYSCLKConfig                    3   (3)
_CLK_SYSCLKEmergencyClear       >    2   (2)
_CLK_SlowActiveHaltWakeUpCmd    >    2   (2)

Debug\stm8s_exti.o:
_EXTI_DeInit                    >    2   (2)
_EXTI_GetExtIntSensitivity      >    3   (3)
_EXTI_GetTLISensitivity         >    3   (3)
_EXTI_SetExtIntSensitivity           4   (4)
_EXTI_SetTLISensitivity         >    2   (2)

Debug\stm8s_gpio.o:
_GPIO_DeInit                    >    2   (2)
_GPIO_ExternalPullUpConfig      >    6   (6)
_GPIO_Init                           6   (6)
_GPIO_ReadInputData             >    2   (2)
_GPIO_ReadInputPin                   5   (5)
_GPIO_ReadOutputData            >    2   (2)
_GPIO_Write                     >    5   (5)
_GPIO_WriteHigh                      5   (5)
_GPIO_WriteLow                       5   (5)
_GPIO_WriteReverse              >    5   (5)

Debug\stm8s_tim1.o:
L11_TI4_Config                       6   (6)
_TIM1_ARRPreloadConfig          >    2   (2)
_TIM1_BDTRConfig                >    9   (9)
_TIM1_CCPreloadControl          >    2   (2)
_TIM1_CCxCmd                    >    4   (4)
_TIM1_CCxNCmd                   >    4   (4)
_TIM1_ClearFlag                 >    4   (4)
_TIM1_ClearITPendingBit         >    2   (2)
_TIM1_Cmd                            2   (2)
_TIM1_CounterModeConfig         >    3   (3)
_TIM1_CtrlPWMOutputs                 2   (2)
_TIM1_DeInit                         2   (2)
_TIM1_ETRClockMode1Config       >   10   (5)
_TIM1_ETRClockMode2Config       >   10   (5)
_TIM1_ETRConfig                      5   (5)
_TIM1_EncoderInterfaceConfig    >    5   (5)
_TIM1_ForcedOC1Config           >    3   (3)
_TIM1_ForcedOC2Config           >    3   (3)
_TIM1_ForcedOC3Config           >    3   (3)
_TIM1_ForcedOC4Config           >    3   (3)
_TIM1_GenerateEvent             >    2   (2)
_TIM1_GetCapture1               >    6   (6)
_TIM1_GetCapture2               >    6   (6)
_TIM1_GetCapture3               >    6   (6)
_TIM1_GetCapture4               >    6   (6)
_TIM1_GetCounter                >    4   (4)
_TIM1_GetFlagStatus             >    6   (6)
_TIM1_GetITStatus               >    5   (5)
_TIM1_GetPrescaler              >    4   (4)
_TIM1_ICInit                    >   13   (7)
_TIM1_ITConfig                  >    4   (4)
_TIM1_InternalClockConfig       >    2   (2)
_TIM1_OC1FastConfig             >    2   (2)
_TIM1_OC1Init                       14   (14)
_TIM1_OC1NPolarityConfig        >    2   (2)
_TIM1_OC1PolarityConfig         >    2   (2)
_TIM1_OC1PreloadConfig          >    2   (2)
_TIM1_OC2FastConfig             >    2   (2)
_TIM1_OC2Init                       14   (14)
_TIM1_OC2NPolarityConfig        >    2   (2)
_TIM1_OC2PolarityConfig         >    2   (2)
_TIM1_OC2PreloadConfig          >    2   (2)
_TIM1_OC3FastConfig             >    2   (2)
_TIM1_OC3Init                       14   (14)
_TIM1_OC3NPolarityConfig        >    2   (2)
_TIM1_OC3PolarityConfig         >    2   (2)
_TIM1_OC3PreloadConfig          >    2   (2)
_TIM1_OC4FastConfig             >    2   (2)
_TIM1_OC4Init                        9   (9)
_TIM1_OC4PolarityConfig         >    2   (2)
_TIM1_OC4PreloadConfig          >    2   (2)
_TIM1_PWMIConfig                >   15   (9)
_TIM1_PrescalerConfig           >    5   (5)
_TIM1_SelectCOM                 >    2   (2)
_TIM1_SelectHallSensor          >    2   (2)
_TIM1_SelectInputTrigger             3   (3)
_TIM1_SelectMasterSlaveMode     >    2   (2)
_TIM1_SelectOCxM                >    4   (4)
_TIM1_SelectOnePulseMode        >    2   (2)
_TIM1_SelectOutputTrigger       >    3   (3)
_TIM1_SelectSlaveMode           >    3   (3)
_TIM1_SetAutoreload             >    2   (2)
_TIM1_SetCompare1               >    2   (2)
_TIM1_SetCompare2               >    2   (2)
_TIM1_SetCompare3               >    2   (2)
_TIM1_SetCompare4               >    2   (2)
_TIM1_SetCounter                >    2   (2)
_TIM1_SetIC1Prescaler                3   (3)
_TIM1_SetIC2Prescaler                3   (3)
_TIM1_SetIC3Prescaler                3   (3)
_TIM1_SetIC4Prescaler                3   (3)
_TIM1_TIxExternalClockConfig    >   11   (5)
_TIM1_TimeBaseInit                   8   (8)
_TIM1_UpdateDisableConfig       >    2   (2)
_TIM1_UpdateRequestConfig       >    2   (2)

Debug\stm8s_tim2.o:
L7_TI3_Config                        6   (6)
_TIM2_ARRPreloadConfig               2   (2)
_TIM2_CCxCmd                    >    4   (4)
_TIM2_ClearFlag                 >    2   (2)
_TIM2_ClearITPendingBit         >    2   (2)
_TIM2_Cmd                            2   (2)
_TIM2_DeInit                         2   (2)
_TIM2_ForcedOC1Config           >    3   (3)
_TIM2_ForcedOC2Config           >    3   (3)
_TIM2_ForcedOC3Config           >    3   (3)
_TIM2_GenerateEvent             >    2   (2)
_TIM2_GetCapture1               >    6   (6)
_TIM2_GetCapture2               >    6   (6)
_TIM2_GetCapture3               >    6   (6)
_TIM2_GetCounter                >    4   (4)
_TIM2_GetFlagStatus             >    6   (6)
_TIM2_GetITStatus               >    5   (5)
_TIM2_GetPrescaler              >    2   (2)
_TIM2_ICInit                    >   13   (7)
_TIM2_ITConfig                  >    4   (4)
_TIM2_OC1Init                        8   (8)
_TIM2_OC1PolarityConfig         >    2   (2)
_TIM2_OC1PreloadConfig               2   (2)
_TIM2_OC2Init                   >    8   (8)
_TIM2_OC2PolarityConfig         >    2   (2)
_TIM2_OC2PreloadConfig          >    2   (2)
_TIM2_OC3Init                   >    8   (8)
_TIM2_OC3PolarityConfig         >    2   (2)
_TIM2_OC3PreloadConfig          >    2   (2)
_TIM2_PWMIConfig                >   15   (9)
_TIM2_PrescalerConfig           >    2   (2)
_TIM2_SelectOCxM                >    4   (4)
_TIM2_SelectOnePulseMode        >    2   (2)
_TIM2_SetAutoreload             >    2   (2)
_TIM2_SetCompare1               >    2   (2)
_TIM2_SetCompare2               >    2   (2)
_TIM2_SetCompare3               >    2   (2)
_TIM2_SetCounter                >    2   (2)
_TIM2_SetIC1Prescaler                3   (3)
_TIM2_SetIC2Prescaler                3   (3)
_TIM2_SetIC3Prescaler                3   (3)
_TIM2_TimeBaseInit                   5   (5)
_TIM2_UpdateDisableConfig       >    2   (2)
_TIM2_UpdateRequestConfig       >    2   (2)

Debug\stm8s_tim3.o:
L3_TI1_Config                        6   (6)
L5_TI2_Config                        6   (6)
_TIM3_ARRPreloadConfig          >    2   (2)
_TIM3_CCxCmd                    >    4   (4)
_TIM3_ClearFlag                 >    4   (4)
_TIM3_ClearITPendingBit              2   (2)
_TIM3_Cmd                            2   (2)
_TIM3_DeInit                         2   (2)
_TIM3_ForcedOC1Config           >    3   (3)
_TIM3_ForcedOC2Config           >    3   (3)
_TIM3_GenerateEvent             >    2   (2)
_TIM3_GetCapture1               >    6   (6)
_TIM3_GetCapture2               >    6   (6)
_TIM3_GetCounter                >    4   (4)
_TIM3_GetFlagStatus             >    6   (6)
_TIM3_GetITStatus               >    5   (5)
_TIM3_GetPrescaler              >    2   (2)
_TIM3_ICInit                    >   13   (7)
_TIM3_ITConfig                       4   (4)
_TIM3_OC1Init                   >    8   (8)
_TIM3_OC1PolarityConfig         >    2   (2)
_TIM3_OC1PreloadConfig          >    2   (2)
_TIM3_OC2Init                   >    8   (8)
_TIM3_OC2PolarityConfig         >    2   (2)
_TIM3_OC2PreloadConfig          >    2   (2)
_TIM3_PWMIConfig                >   15   (9)
_TIM3_PrescalerConfig           >    2   (2)
_TIM3_SelectOCxM                >    4   (4)
_TIM3_SelectOnePulseMode        >    2   (2)
_TIM3_SetAutoreload             >    2   (2)
_TIM3_SetCompare1               >    2   (2)
_TIM3_SetCompare2               >    2   (2)
_TIM3_SetCounter                >    2   (2)
_TIM3_SetIC1Prescaler                3   (3)
_TIM3_SetIC2Prescaler                3   (3)
_TIM3_TimeBaseInit                   5   (5)
_TIM3_UpdateDisableConfig       >    2   (2)
_TIM3_UpdateRequestConfig       >    2   (2)

Debug\stm8s_tim4.o:
_TIM4_ARRPreloadConfig          >    2   (2)
_TIM4_ClearFlag                 >    2   (2)
_TIM4_ClearITPendingBit              2   (2)
_TIM4_Cmd                            2   (2)
_TIM4_DeInit                         2   (2)
_TIM4_GenerateEvent             >    2   (2)
_TIM4_GetCounter                >    2   (2)
_TIM4_GetFlagStatus             >    3   (3)
_TIM4_GetITStatus               >    5   (5)
_TIM4_GetPrescaler              >    2   (2)
_TIM4_ITConfig                       4   (4)
_TIM4_PrescalerConfig           >    2   (2)
_TIM4_SelectOnePulseMode        >    2   (2)
_TIM4_SetAutoreload             >    2   (2)
_TIM4_SetCounter                >    2   (2)
_TIM4_TimeBaseInit                   2   (2)
_TIM4_UpdateDisableConfig       >    2   (2)
_TIM4_UpdateRequestConfig       >    2   (2)

Debug\stm8s_uart2.o:
_UART2_ClearFlag                >    4   (4)
_UART2_ClearITPendingBit             4   (4)
_UART2_Cmd                      >    2   (2)
_UART2_DeInit                        2   (2)
_UART2_GetFlagStatus                 5   (5)
_UART2_GetITStatus              >    6   (6)
_UART2_ITConfig                      7   (7)
_UART2_Init                         50   (25)
_UART2_IrDACmd                  >    2   (2)
_UART2_IrDAConfig               >    2   (2)
_UART2_LINBreakDetectionConfig  >    2   (2)
_UART2_LINCmd                   >    2   (2)
_UART2_LINConfig                >    5   (5)
_UART2_ReceiveData8                  2   (2)
_UART2_ReceiveData9             >    4   (4)
_UART2_ReceiverWakeUpCmd        >    2   (2)
_UART2_SendBreak                >    2   (2)
_UART2_SendData8                     2   (2)
_UART2_SendData9                >    4   (4)
_UART2_SetAddress               >    3   (3)
_UART2_SetGuardTime             >    2   (2)
_UART2_SetPrescaler             >    2   (2)
_UART2_SmartCardCmd             >    2   (2)
_UART2_SmartCardNACKCmd         >    2   (2)
_UART2_WakeUpConfig             >    2   (2)

Debug\timer3.o:
_delay_cycles                       12   (10)
_tim3_init                           7   (2)
f_TIM3_UPD_OVF_BRK_IRQHandler   >   27   (11)

Debug\timer4_8bit.o:
_delay_ms                       >    2   (2)
_tim4_init                      >    6   (2)
f_TIM4_UPD_OVF_IRQHandler       >   16   (11)

Debug\uart2.o:
_ClearUratRxBuffer                   4   (4)
_ClearUratTxBuffer                   4   (4)
_ReceivedDataParse                  16   (6)
_SendingParseData                    9   (4)
_Uart_RX_Interrupt              >   10   (3)
_uart_init                          52   (2)
f_URAT2_RX_IRQHandler           >   15   (11)

Stack size: 83


                              ---------
                              Call tree
                              ---------
   1 > _ADC1_AWDChannelConfig: (4)

   2 > _ADC1_ClearFlag: (4)

   3 > _ADC1_Cmd: (2)

   4 > _ADC1_DeInit: (2)

   5 > _ADC1_GetAWDChannelStatus: (4)

   6 > _ADC1_GetConversionValue: (7)

   7 > _ADC1_GetFlagStatus: (4)

   8 > _ADC1_GetITStatus: (5)

   9 > _ADC1_SetHighThreshold: (4)

  10 > _ADC1_SetLowThreshold: (2)

  11 > _CLK_AdjustHSICalibrationValue: (3)

  12 > _CLK_CCOCmd: (2)

  13 > _CLK_CCOConfig: (3)

  14 > _CLK_ClearITPendingBit: (2)

  15 > _CLK_ClockSecuritySystemEnable: (2)

  16 > _CLK_ClockSwitchCmd: (2)

  17 > _CLK_ClockSwitchConfig: (10)

  18 > _CLK_DeInit: (2)

  19 > _CLK_FastHaltWakeUpCmd: (2)

  20 > _CLK_GetFlagStatus: (7)

  21 > _CLK_GetITStatus: (4)

  22 > _CLK_GetSYSCLKSource: (2)

  23 > _CLK_HSECmd: (2)

  24 > _CLK_HSICmd: (2)

  25 > _CLK_ITConfig: (4)

  26 > _CLK_LSICmd: (2)

  27 > _CLK_SWIMConfig: (2)

  28 > _CLK_SYSCLKEmergencyClear: (2)

  29 > _CLK_SlowActiveHaltWakeUpCmd: (2)

  30 > _EXTI_DeInit: (2)

  31 > _EXTI_GetExtIntSensitivity: (3)

  32 > _EXTI_GetTLISensitivity: (3)

  33 > _EXTI_SetTLISensitivity: (2)

  34 > _GPIO_DeInit: (2)

  35 > _GPIO_ExternalPullUpConfig: (6)

  36 > _GPIO_ReadInputData: (2)

  37 > _GPIO_ReadOutputData: (2)

  38 > _GPIO_Write: (5)

  39 > _GPIO_WriteReverse: (5)

  40 > _TIM1_ARRPreloadConfig: (2)

  41 > _TIM1_BDTRConfig: (9)

  42 > _TIM1_CCPreloadControl: (2)

  43 > _TIM1_CCxCmd: (4)

  44 > _TIM1_CCxNCmd: (4)

  45 > _TIM1_ClearFlag: (4)

  46 > _TIM1_ClearITPendingBit: (2)

  47 > _TIM1_CounterModeConfig: (3)

  48 > _TIM1_ETRClockMode1Config: (5)
  49      + _TIM1_ETRConfig: (5)
       
  50 > _TIM1_ETRClockMode2Config: (5)
  51      + _TIM1_ETRConfig --> 49
       
  52 > _TIM1_EncoderInterfaceConfig: (5)

  53 > _TIM1_ForcedOC1Config: (3)

  54 > _TIM1_ForcedOC2Config: (3)

  55 > _TIM1_ForcedOC3Config: (3)

  56 > _TIM1_ForcedOC4Config: (3)

  57 > _TIM1_GenerateEvent: (2)

  58 > _TIM1_GetCapture1: (6)

  59 > _TIM1_GetCapture2: (6)

  60 > _TIM1_GetCapture3: (6)

  61 > _TIM1_GetCapture4: (6)

  62 > _TIM1_GetCounter: (4)

  63 > _TIM1_GetFlagStatus: (6)

  64 > _TIM1_GetITStatus: (5)

  65 > _TIM1_GetPrescaler: (4)

  66 > _TIM1_ICInit: (7)
  67      + L11_TI4_Config: (6)
  68      + L3_TI1_Config: (6)
  69      + L5_TI2_Config: (6)
  70      + L7_TI3_Config: (6)
  71      + _TIM1_SetIC1Prescaler: (3)
  72      + _TIM1_SetIC2Prescaler: (3)
  73      + _TIM1_SetIC3Prescaler: (3)
  74      + _TIM1_SetIC4Prescaler: (3)
       
  75 > _TIM1_ITConfig: (4)

  76 > _TIM1_InternalClockConfig: (2)

  77 > _TIM1_OC1FastConfig: (2)

  78 > _TIM1_OC1NPolarityConfig: (2)

  79 > _TIM1_OC1PolarityConfig: (2)

  80 > _TIM1_OC1PreloadConfig: (2)

  81 > _TIM1_OC2FastConfig: (2)

  82 > _TIM1_OC2NPolarityConfig: (2)

  83 > _TIM1_OC2PolarityConfig: (2)

  84 > _TIM1_OC2PreloadConfig: (2)

  85 > _TIM1_OC3FastConfig: (2)

  86 > _TIM1_OC3NPolarityConfig: (2)

  87 > _TIM1_OC3PolarityConfig: (2)

  88 > _TIM1_OC3PreloadConfig: (2)

  89 > _TIM1_OC4FastConfig: (2)

  90 > _TIM1_OC4PolarityConfig: (2)

  91 > _TIM1_OC4PreloadConfig: (2)

  92 > _TIM1_PWMIConfig: (9)
  93      + L3_TI1_Config --> 68
  94      + L5_TI2_Config --> 69
  95      + _TIM1_SetIC1Prescaler --> 71
  96      + _TIM1_SetIC2Prescaler --> 72
       
  97 > _TIM1_PrescalerConfig: (5)

  98 > _TIM1_SelectCOM: (2)

  99 > _TIM1_SelectHallSensor: (2)

 100 > _TIM1_SelectMasterSlaveMode: (2)

 101 > _TIM1_SelectOCxM: (4)

 102 > _TIM1_SelectOnePulseMode: (2)

 103 > _TIM1_SelectOutputTrigger: (3)

 104 > _TIM1_SelectSlaveMode: (3)

 105 > _TIM1_SetAutoreload: (2)

 106 > _TIM1_SetCompare1: (2)

 107 > _TIM1_SetCompare2: (2)

 108 > _TIM1_SetCompare3: (2)

 109 > _TIM1_SetCompare4: (2)

 110 > _TIM1_SetCounter: (2)

 111 > _TIM1_TIxExternalClockConfig: (5)
 112      + L3_TI1_Config --> 68
 113      + L5_TI2_Config --> 69
 114      + _TIM1_SelectInputTrigger: (3)
       
 115 > _TIM1_UpdateDisableConfig: (2)

 116 > _TIM1_UpdateRequestConfig: (2)

 117 > _TIM2_CCxCmd: (4)

 118 > _TIM2_ClearFlag: (2)

 119 > _TIM2_ClearITPendingBit: (2)

 120 > _TIM2_ForcedOC1Config: (3)

 121 > _TIM2_ForcedOC2Config: (3)

 122 > _TIM2_ForcedOC3Config: (3)

 123 > _TIM2_GenerateEvent: (2)

 124 > _TIM2_GetCapture1: (6)

 125 > _TIM2_GetCapture2: (6)

 126 > _TIM2_GetCapture3: (6)

 127 > _TIM2_GetCounter: (4)

 128 > _TIM2_GetFlagStatus: (6)

 129 > _TIM2_GetITStatus: (5)

 130 > _TIM2_GetPrescaler: (2)

 131 > _TIM2_ICInit: (7)
 132      + L3_TI1_Config --> 68
 133      + L5_TI2_Config --> 69
 134      + L7_TI3_Config --> 70
 135      + _TIM2_SetIC1Prescaler: (3)
 136      + _TIM2_SetIC2Prescaler: (3)
 137      + _TIM2_SetIC3Prescaler: (3)
       
 138 > _TIM2_ITConfig: (4)

 139 > _TIM2_OC1PolarityConfig: (2)

 140 > _TIM2_OC2Init: (8)

 141 > _TIM2_OC2PolarityConfig: (2)

 142 > _TIM2_OC2PreloadConfig: (2)

 143 > _TIM2_OC3Init: (8)

 144 > _TIM2_OC3PolarityConfig: (2)

 145 > _TIM2_OC3PreloadConfig: (2)

 146 > _TIM2_PWMIConfig: (9)
 147      + L3_TI1_Config --> 68
 148      + L5_TI2_Config --> 69
 149      + _TIM2_SetIC1Prescaler --> 135
 150      + _TIM2_SetIC2Prescaler --> 136
       
 151 > _TIM2_PrescalerConfig: (2)

 152 > _TIM2_SelectOCxM: (4)

 153 > _TIM2_SelectOnePulseMode: (2)

 154 > _TIM2_SetAutoreload: (2)

 155 > _TIM2_SetCompare1: (2)

 156 > _TIM2_SetCompare2: (2)

 157 > _TIM2_SetCompare3: (2)

 158 > _TIM2_SetCounter: (2)

 159 > _TIM2_UpdateDisableConfig: (2)

 160 > _TIM2_UpdateRequestConfig: (2)

 161 > _TIM3_ARRPreloadConfig: (2)

 162 > _TIM3_CCxCmd: (4)

 163 > _TIM3_ClearFlag: (4)

 164 > _TIM3_ForcedOC1Config: (3)

 165 > _TIM3_ForcedOC2Config: (3)

 166 > _TIM3_GenerateEvent: (2)

 167 > _TIM3_GetCapture1: (6)

 168 > _TIM3_GetCapture2: (6)

 169 > _TIM3_GetCounter: (4)

 170 > _TIM3_GetFlagStatus: (6)

 171 > _TIM3_GetITStatus: (5)

 172 > _TIM3_GetPrescaler: (2)

 173 > _TIM3_ICInit: (7)
 174      + L3_TI1_Config --> 68
 175      + L5_TI2_Config --> 69
 176      + _TIM3_SetIC1Prescaler: (3)
 177      + _TIM3_SetIC2Prescaler: (3)
       
 178 > _TIM3_OC1Init: (8)

 179 > _TIM3_OC1PolarityConfig: (2)

 180 > _TIM3_OC1PreloadConfig: (2)

 181 > _TIM3_OC2Init: (8)

 182 > _TIM3_OC2PolarityConfig: (2)

 183 > _TIM3_OC2PreloadConfig: (2)

 184 > _TIM3_PWMIConfig: (9)
 185      + L3_TI1_Config --> 68
 186      + L5_TI2_Config --> 69
 187      + _TIM3_SetIC1Prescaler --> 176
 188      + _TIM3_SetIC2Prescaler --> 177
       
 189 > _TIM3_PrescalerConfig: (2)

 190 > _TIM3_SelectOCxM: (4)

 191 > _TIM3_SelectOnePulseMode: (2)

 192 > _TIM3_SetAutoreload: (2)

 193 > _TIM3_SetCompare1: (2)

 194 > _TIM3_SetCompare2: (2)

 195 > _TIM3_SetCounter: (2)

 196 > _TIM3_UpdateDisableConfig: (2)

 197 > _TIM3_UpdateRequestConfig: (2)

 198 > _TIM4_ARRPreloadConfig: (2)

 199 > _TIM4_ClearFlag: (2)

 200 > _TIM4_GenerateEvent: (2)

 201 > _TIM4_GetCounter: (2)

 202 > _TIM4_GetFlagStatus: (3)

 203 > _TIM4_GetITStatus: (5)

 204 > _TIM4_GetPrescaler: (2)

 205 > _TIM4_PrescalerConfig: (2)

 206 > _TIM4_SelectOnePulseMode: (2)

 207 > _TIM4_SetAutoreload: (2)

 208 > _TIM4_SetCounter: (2)

 209 > _TIM4_UpdateDisableConfig: (2)

 210 > _TIM4_UpdateRequestConfig: (2)

 211 > _UART2_ClearFlag: (4)

 212 > _UART2_Cmd: (2)

 213 > _UART2_GetITStatus: (6)

 214 > _UART2_IrDACmd: (2)

 215 > _UART2_IrDAConfig: (2)

 216 > _UART2_LINBreakDetectionConfig: (2)

 217 > _UART2_LINCmd: (2)

 218 > _UART2_LINConfig: (5)

 219 > _UART2_ReceiveData9: (4)

 220 > _UART2_ReceiverWakeUpCmd: (2)

 221 > _UART2_SendBreak: (2)

 222 > _UART2_SendData9: (4)

 223 > _UART2_SetAddress: (3)

 224 > _UART2_SetGuardTime: (2)

 225 > _UART2_SetPrescaler: (2)

 226 > _UART2_SmartCardCmd: (2)

 227 > _UART2_SmartCardNACKCmd: (2)

 228 > _UART2_WakeUpConfig: (2)

 229 > _Uart_RX_Interrupt: (3)
 230      + _ClearUratRxBuffer: (4)
 231      + _ClearUratTxBuffer: (4)
 232      + _UART2_ITConfig: (7)
       
 233 > __stext: (0)

 234 > _delay_ms: (2)

 235 > _getButtonStatus: (2)
 236      + _GPIO_ReadInputPin: (5)
       
 237 > _gpio_init: (2)
 238      + _GPIO_Init: (6)
       
 239 > _main: (2)
 240      + _ADC1_StartConversion: (2)
 241      + _FirstInitial_Func: (2)
 242      |    + _LED_test_init: (2)
 243      |    |    + _GPIO_Init --> 238
          |    | 
 244      |    + _clk_setup: (2)
 245      |    |    + _CLK_HSIPrescalerConfig: (3)
 246      |    |    + _CLK_PeripheralClockConfig: (4)
 247      |    |    + _CLK_SYSCLKConfig: (3)
          |    | 
 248      |    + _delay_cycles: (10)
          | 
 249      + _Startup_Func: (2)
 250      |    + _LED_test_init --> 242
 251      |    + _adc_init: (2)
 252      |    |    + _ADC1_DataBufferCmd: (2)
 253      |    |    + _ADC1_ITConfig: (5)
 254      |    |    + _ADC1_Init: (10)
 255      |    |    |    + _ADC1_ConversionConfig: (5)
 256      |    |    |    + _ADC1_ExternalTriggerConfig: (4)
 257      |    |    |    + _ADC1_PrescalerConfig: (3)
 258      |    |    |    + _ADC1_SchmittTriggerConfig: (4)
          |    |    | 
 259      |    |    + _ADC1_ScanModeCmd: (2)
 260      |    |    + _GPIO_Init --> 238
          |    | 
 261      |    + _button_init: (2)
 262      |    |    + _EXTI_SetExtIntSensitivity: (4)
 263      |    |    + _GPIO_Init --> 238
          |    | 
 264      |    + _delay_cycles --> 248
 265      |    + _tim3_init: (2)
 266      |    |    + _TIM3_Cmd: (2)
 267      |    |    + _TIM3_DeInit: (2)
 268      |    |    + _TIM3_ITConfig: (4)
 269      |    |    + _TIM3_TimeBaseInit: (5)
          |    | 
 270      |    + _uart_init: (2)
 271      |    |    + _UART2_DeInit: (2)
 272      |    |    + _UART2_Init: (25)
 273      |    |    |    + _CLK_GetClockFreq: (11)
          |    |    | 
          |    | 
          | 
 274      + _delay_cycles --> 248
       
 275 > _setADP_SOC: (2)
 276      + _GPIO_WriteHigh: (5)
 277      + _GPIO_WriteLow: (5)
       
 278 > _setURAT_OUTPUT_CONTROL_PIN: (2)
 279      + _GPIO_WriteHigh --> 276
 280      + _GPIO_WriteLow --> 277
       
 281 > _tim1_init: (2)
 282      + _TIM1_Cmd: (2)
 283      + _TIM1_CtrlPWMOutputs: (2)
 284      + _TIM1_DeInit: (2)
 285      + _TIM1_OC1Init: (14)
 286      + _TIM1_OC2Init: (14)
 287      + _TIM1_OC3Init: (14)
 288      + _TIM1_OC4Init: (9)
 289      + _TIM1_TimeBaseInit: (8)
       
 290 > _tim2_init: (2)
 291      + _TIM2_ARRPreloadConfig: (2)
 292      + _TIM2_Cmd: (2)
 293      + _TIM2_DeInit: (2)
 294      + _TIM2_OC1Init: (8)
 295      + _TIM2_OC1PreloadConfig: (2)
 296      + _TIM2_TimeBaseInit: (5)
       
 297 > _tim4_init: (2)
 298      + _TIM4_Cmd: (2)
 299      + _TIM4_DeInit: (2)
 300      + _TIM4_ITConfig: (4)
 301      + _TIM4_TimeBaseInit: (2)
       
 302 > f_ADC1_IRQHandler: (11)
 303      + _ADC1_ClearITPendingBit: (5)
 304      + _ADC1_GetBufferValue: (8)
       
 305 > f_EXTI_PORTE_IRQHandler: (11)
 306      + _GPIO_ReadInputPin --> 236
 307      + _delay_cycles --> 248
       
 308 > f_NonHandledInterrupt: (5)

 309 > f_TIM3_UPD_OVF_BRK_IRQHandler: (11)
 310      + _ClearUratRxBuffer --> 230
 311      + _GPIO_ReadInputPin --> 236
 312      + _ReceivedDataParse: (6)
 313      |    + _SendingParseData: (4)
 314      |    |    + _ClearUratTxBuffer --> 231
 315      |    |    + _UART2_GetFlagStatus: (5)
 316      |    |    + _UART2_SendData8: (2)
          |    | 
 317      |    + _usMBCRC16: (10)
          | 
 318      + _TIM3_ClearITPendingBit: (2)
 319      + _getPIC_OVP_Status: (2)
 320      |    + _GPIO_ReadInputPin --> 236
          | 
 321      + _getPIC_UVP_Status: (2)
 322      |    + _GPIO_ReadInputPin --> 236
          | 
 323      + _usMBCRC16 --> 317
       
 324 > f_TIM4_UPD_OVF_IRQHandler: (11)
 325      + _GPIO_ReadInputPin --> 236
 326      + _TIM4_ClearITPendingBit: (2)
       
 327 > f_URAT2_RX_IRQHandler: (11)
 328      + _UART2_ClearITPendingBit: (4)
 329      + _UART2_ReceiveData8: (2)
       
 330   L11_TI4_Config --> 67

 331   L3_TI1_Config --> 68

 332   L5_TI2_Config --> 69

 333   L7_TI3_Config --> 70

 334   _ADC1_ClearITPendingBit --> 303

 335   _ADC1_ConversionConfig --> 255

 336   _ADC1_DataBufferCmd --> 252

 337   _ADC1_ExternalTriggerConfig --> 256

 338   _ADC1_GetBufferValue --> 304

 339   _ADC1_ITConfig --> 253

 340   _ADC1_Init --> 254

 341   _ADC1_PrescalerConfig --> 257

 342   _ADC1_ScanModeCmd --> 259

 343   _ADC1_SchmittTriggerConfig --> 258

 344   _ADC1_StartConversion --> 240

 345   _CLK_GetClockFreq --> 273

 346   _CLK_HSIPrescalerConfig --> 245

 347   _CLK_PeripheralClockConfig --> 246

 348   _CLK_SYSCLKConfig --> 247

 349   _ClearUratRxBuffer --> 230

 350   _ClearUratTxBuffer --> 231

 351   _EXTI_SetExtIntSensitivity --> 262

 352   _FirstInitial_Func --> 241

 353   _GPIO_Init --> 238

 354   _GPIO_ReadInputPin --> 236

 355   _GPIO_WriteHigh --> 276

 356   _GPIO_WriteLow --> 277

 357   _LED_test_init --> 242

 358   _ReceivedDataParse --> 312

 359   _SendingParseData --> 313

 360   _Startup_Func --> 249

 361   _TIM1_Cmd --> 282

 362   _TIM1_CtrlPWMOutputs --> 283

 363   _TIM1_DeInit --> 284

 364   _TIM1_ETRConfig --> 49

 365   _TIM1_OC1Init --> 285

 366   _TIM1_OC2Init --> 286

 367   _TIM1_OC3Init --> 287

 368   _TIM1_OC4Init --> 288

 369   _TIM1_SelectInputTrigger --> 114

 370   _TIM1_SetIC1Prescaler --> 71

 371   _TIM1_SetIC2Prescaler --> 72

 372   _TIM1_SetIC3Prescaler --> 73

 373   _TIM1_SetIC4Prescaler --> 74

 374   _TIM1_TimeBaseInit --> 289

 375   _TIM2_ARRPreloadConfig --> 291

 376   _TIM2_Cmd --> 292

 377   _TIM2_DeInit --> 293

 378   _TIM2_OC1Init --> 294

 379   _TIM2_OC1PreloadConfig --> 295

 380   _TIM2_SetIC1Prescaler --> 135

 381   _TIM2_SetIC2Prescaler --> 136

 382   _TIM2_SetIC3Prescaler --> 137

 383   _TIM2_TimeBaseInit --> 296

 384   _TIM3_ClearITPendingBit --> 318

 385   _TIM3_Cmd --> 266

 386   _TIM3_DeInit --> 267

 387   _TIM3_ITConfig --> 268

 388   _TIM3_SetIC1Prescaler --> 176

 389   _TIM3_SetIC2Prescaler --> 177

 390   _TIM3_TimeBaseInit --> 269

 391   _TIM4_ClearITPendingBit --> 326

 392   _TIM4_Cmd --> 298

 393   _TIM4_DeInit --> 299

 394   _TIM4_ITConfig --> 300

 395   _TIM4_TimeBaseInit --> 301

 396   _UART2_ClearITPendingBit --> 328

 397   _UART2_DeInit --> 271

 398   _UART2_GetFlagStatus --> 315

 399   _UART2_ITConfig --> 232

 400   _UART2_Init --> 272

 401   _UART2_ReceiveData8 --> 329

 402   _UART2_SendData8 --> 316

 403   _adc_init --> 251

 404   _button_init --> 261

 405   _clk_setup --> 244

 406   _delay_cycles --> 248

 407   _getPIC_OVP_Status --> 319

 408   _getPIC_UVP_Status --> 321

 409   _tim3_init --> 265

 410   _uart_init --> 270

 411   _usMBCRC16 --> 317



                               -------
                               Symbols
                               -------

_ADC1_AWDChannelConfig           00008c17   defined in Debug\stm8s_adc1.o section .text
_ADC1_ClearFlag                  00008d7a   defined in Debug\stm8s_adc1.o section .text
_ADC1_ClearITPendingBit          00008e23   defined in Debug\stm8s_adc1.o section .text
                                            used in Debug\adc_read.o
_ADC1_Cmd                        00008a9b   defined in Debug\stm8s_adc1.o section .text
_ADC1_ConversionConfig           00008b7f   defined in Debug\stm8s_adc1.o section .text
_ADC1_DataBufferCmd              00008ab7   defined in Debug\stm8s_adc1.o section .text
                                            used in Debug\adc_read.o
_ADC1_DeInit                     00008a42   defined in Debug\stm8s_adc1.o section .text
_ADC1_ExternalTriggerConfig      00008bad   defined in Debug\stm8s_adc1.o section .text
_ADC1_GetAWDChannelStatus        00008cf0   defined in Debug\stm8s_adc1.o section .text
_ADC1_GetBufferValue             00008c97   defined in Debug\stm8s_adc1.o section .text
                                            used in Debug\adc_read.o
_ADC1_GetConversionValue         00008bd3   defined in Debug\stm8s_adc1.o section .text
_ADC1_GetFlagStatus              00008d20   defined in Debug\stm8s_adc1.o section .text
_ADC1_GetITStatus                00008dd5   defined in Debug\stm8s_adc1.o section .text
_ADC1_ITConfig                   00008ac5   defined in Debug\stm8s_adc1.o section .text
                                            used in Debug\adc_read.o
_ADC1_Init                       00008a73   defined in Debug\stm8s_adc1.o section .text
                                            used in Debug\adc_read.o
_ADC1_PrescalerConfig            00008ade   defined in Debug\stm8s_adc1.o section .text
_ADC1_ScanModeCmd                00008aa9   defined in Debug\stm8s_adc1.o section .text
                                            used in Debug\adc_read.o
_ADC1_SchmittTriggerConfig       00008af1   defined in Debug\stm8s_adc1.o section .text
_ADC1_SetHighThreshold           00008c7e   defined in Debug\stm8s_adc1.o section .text
_ADC1_SetLowThreshold            00008c8c   defined in Debug\stm8s_adc1.o section .text
_ADC1_StartConversion            00008bce   defined in Debug\stm8s_adc1.o section .text
                                            used in Debug\main.o
_ADC_Results                     ********   *** removed from Debug\adc_read.o ***
_CLKPrescTable                   00008284   defined in Debug\stm8s_clk.o section .const
_CLK_AdjustHSICalibrationValue   0000912b   defined in Debug\stm8s_clk.o section .text
_CLK_CCOCmd                      00008ee5   defined in Debug\stm8s_clk.o section .text
_CLK_CCOConfig                   00009024   defined in Debug\stm8s_clk.o section .text
_CLK_ClearITPendingBit           000091c6   defined in Debug\stm8s_clk.o section .text
_CLK_ClockSecuritySystemEnable   000090ae   defined in Debug\stm8s_clk.o section .text
_CLK_ClockSwitchCmd              00008ef3   defined in Debug\stm8s_clk.o section .text
_CLK_ClockSwitchConfig           00008f7b   defined in Debug\stm8s_clk.o section .text
_CLK_DeInit                      00008e75   defined in Debug\stm8s_clk.o section .text
_CLK_FastHaltWakeUpCmd           00008ead   defined in Debug\stm8s_clk.o section .text
_CLK_GetClockFreq                000090b7   defined in Debug\stm8s_clk.o section .text
                                            used in Debug\stm8s_uart2.o
_CLK_GetFlagStatus               0000913d   defined in Debug\stm8s_clk.o section .text
_CLK_GetITStatus                 0000919a   defined in Debug\stm8s_clk.o section .text
_CLK_GetSYSCLKSource             000090b3   defined in Debug\stm8s_clk.o section .text
_CLK_HSECmd                      00008ebb   defined in Debug\stm8s_clk.o section .text
_CLK_HSICmd                      00008ec9   defined in Debug\stm8s_clk.o section .text
_CLK_HSIPrescalerConfig          00009011   defined in Debug\stm8s_clk.o section .text
                                            used in Debug\clk_setting.o
_CLK_ITConfig                    0000903b   defined in Debug\stm8s_clk.o section .text
_CLK_LSICmd                      00008ed7   defined in Debug\stm8s_clk.o section .text
_CLK_PeripheralClockConfig       00008f0f   defined in Debug\stm8s_clk.o section .text
                                            used in Debug\clk_setting.o
_CLK_SWIMConfig                  000090a0   defined in Debug\stm8s_clk.o section .text
_CLK_SYSCLKConfig                00009073   defined in Debug\stm8s_clk.o section .text
                                            used in Debug\clk_setting.o
_CLK_SYSCLKEmergencyClear        00009138   defined in Debug\stm8s_clk.o section .text
_CLK_SlowActiveHaltWakeUpCmd     00008f01   defined in Debug\stm8s_clk.o section .text
_ClearUratRxBuffer               00008359   defined in Debug\uart2.o section .text
                                            used in Debug\timer3.o
_ClearUratTxBuffer               00008377   defined in Debug\uart2.o section .text
_EXTI_DeInit                     000091d5   defined in Debug\stm8s_exti.o section .text
_EXTI_GetExtIntSensitivity       00009262   defined in Debug\stm8s_exti.o section .text
_EXTI_GetTLISensitivity          000092b0   defined in Debug\stm8s_exti.o section .text
_EXTI_SetExtIntSensitivity       000091de   defined in Debug\stm8s_exti.o section .text
                                            used in Debug\button_control.o
_EXTI_SetTLISensitivity          00009257   defined in Debug\stm8s_exti.o section .text
_FirstInitial_Func               00008915   defined in Debug\lev_g2_main_fun.o section .text
                                            used in Debug\main.o
_GPIO_DeInit                     000092bd   defined in Debug\stm8s_gpio.o section .text
_GPIO_ExternalPullUpConfig       00009357   defined in Debug\stm8s_gpio.o section .text
_GPIO_Init                       000092c5   defined in Debug\stm8s_gpio.o section .text
                                            used in Debug\mosfet_control.o
                                                    Debug\led_pwm_control.o
                                                    Debug\gpio_control.o
                                                    Debug\button_control.o
                                                    Debug\adc_read.o
_GPIO_ReadInputData              0000934d   defined in Debug\stm8s_gpio.o section .text
_GPIO_ReadInputPin               00009350   defined in Debug\stm8s_gpio.o section .text
                                            used in Debug\timer4_8bit.o
                                                    Debug\timer3.o
                                                    Debug\gpio_control.o
                                                    Debug\button_control.o
_GPIO_ReadOutputData             0000934b   defined in Debug\stm8s_gpio.o section .text
_GPIO_Write                      0000932d   defined in Debug\stm8s_gpio.o section .text
_GPIO_WriteHigh                  00009335   defined in Debug\stm8s_gpio.o section .text
                                            used in Debug\mosfet_control.o
                                                    Debug\gpio_control.o
_GPIO_WriteLow                   0000933c   defined in Debug\stm8s_gpio.o section .text
                                            used in Debug\mosfet_control.o
                                                    Debug\gpio_control.o
_GPIO_WriteReverse               00009344   defined in Debug\stm8s_gpio.o section .text
_G_Var_Array                     000002ea   defined in Debug\main.o section .bss
                                            used in Debug\uart2.o
                                                    Debug\timer4_8bit.o
                                                    Debug\timer3.o
                                                    Debug\mosfet_control.o
                                                    Debug\gpio_control.o
                                                    Debug\button_control.o
                                                    Debug\adc_read.o
                                                    Debug\lev_g2_main_fun.o
_HSIDivFactor                    00008280   defined in Debug\stm8s_clk.o section .const
_LED_test_init                   00008714   defined in Debug\led_pwm_control.o section .text
                                            used in Debug\lev_g2_main_fun.o
_ReceivedDataParse               00008395   defined in Debug\uart2.o section .text
                                            used in Debug\timer3.o
_SendingParseData                000083f1   defined in Debug\uart2.o section .text
_SendingWhileTimeOutCount        00000100   defined in Debug\uart2.o section .bss
_Startup_Func                    00008960   defined in Debug\lev_g2_main_fun.o section .text
                                            used in Debug\main.o
_TIM1_ARRPreloadConfig           00009813   defined in Debug\stm8s_tim1.o section .text
_TIM1_BDTRConfig                 00009587   defined in Debug\stm8s_tim1.o section .text
_TIM1_CCPreloadControl           0000982f   defined in Debug\stm8s_tim1.o section .text
_TIM1_CCxCmd                     00009913   defined in Debug\stm8s_tim1.o section .text
_TIM1_CCxNCmd                    00009964   defined in Debug\stm8s_tim1.o section .text
_TIM1_ClearFlag                  00009b46   defined in Debug\stm8s_tim1.o section .text
_TIM1_ClearITPendingBit          00009b79   defined in Debug\stm8s_tim1.o section .text
_TIM1_Cmd                        00009672   defined in Debug\stm8s_tim1.o section .text
                                            used in Debug\led_pwm_control.o
_TIM1_CounterModeConfig          000097d2   defined in Debug\stm8s_tim1.o section .text
_TIM1_CtrlPWMOutputs             00009680   defined in Debug\stm8s_tim1.o section .text
                                            used in Debug\led_pwm_control.o
_TIM1_DeInit                     0000936f   defined in Debug\stm8s_tim1.o section .text
                                            used in Debug\led_pwm_control.o
_TIM1_ETRClockMode1Config        000096b0   defined in Debug\stm8s_tim1.o section .text
_TIM1_ETRClockMode2Config        000096c8   defined in Debug\stm8s_tim1.o section .text
_TIM1_ETRConfig                  000096da   defined in Debug\stm8s_tim1.o section .text
_TIM1_EncoderInterfaceConfig     00009785   defined in Debug\stm8s_tim1.o section .text
_TIM1_ForcedOC1Config            000097df   defined in Debug\stm8s_tim1.o section .text
_TIM1_ForcedOC2Config            000097ec   defined in Debug\stm8s_tim1.o section .text
_TIM1_ForcedOC3Config            000097f9   defined in Debug\stm8s_tim1.o section .text
_TIM1_ForcedOC4Config            00009806   defined in Debug\stm8s_tim1.o section .text
_TIM1_GenerateEvent              000098ad   defined in Debug\stm8s_tim1.o section .text
_TIM1_GetCapture1                00009a5a   defined in Debug\stm8s_tim1.o section .text
_TIM1_GetCapture2                00009a80   defined in Debug\stm8s_tim1.o section .text
_TIM1_GetCapture3                00009aa6   defined in Debug\stm8s_tim1.o section .text
_TIM1_GetCapture4                00009acc   defined in Debug\stm8s_tim1.o section .text
_TIM1_GetCounter                 00009af2   defined in Debug\stm8s_tim1.o section .text
_TIM1_GetFlagStatus              00009b24   defined in Debug\stm8s_tim1.o section .text
_TIM1_GetITStatus                00009b56   defined in Debug\stm8s_tim1.o section .text
_TIM1_GetPrescaler               00009b0b   defined in Debug\stm8s_tim1.o section .text
_TIM1_ICInit                     000095a1   defined in Debug\stm8s_tim1.o section .text
_TIM1_ITConfig                   0000968e   defined in Debug\stm8s_tim1.o section .text
_TIM1_InternalClockConfig        000096a7   defined in Debug\stm8s_tim1.o section .text
_TIM1_OC1FastConfig              00009875   defined in Debug\stm8s_tim1.o section .text
_TIM1_OC1Init                    0000942c   defined in Debug\stm8s_tim1.o section .text
                                            used in Debug\led_pwm_control.o
_TIM1_OC1NPolarityConfig         000098bf   defined in Debug\stm8s_tim1.o section .text
_TIM1_OC1PolarityConfig          000098b1   defined in Debug\stm8s_tim1.o section .text
_TIM1_OC1PreloadConfig           0000983d   defined in Debug\stm8s_tim1.o section .text
_TIM1_OC2FastConfig              00009883   defined in Debug\stm8s_tim1.o section .text
_TIM1_OC2Init                    00009489   defined in Debug\stm8s_tim1.o section .text
                                            used in Debug\led_pwm_control.o
_TIM1_OC2NPolarityConfig         000098db   defined in Debug\stm8s_tim1.o section .text
_TIM1_OC2PolarityConfig          000098cd   defined in Debug\stm8s_tim1.o section .text
_TIM1_OC2PreloadConfig           0000984b   defined in Debug\stm8s_tim1.o section .text
_TIM1_OC3FastConfig              00009891   defined in Debug\stm8s_tim1.o section .text
_TIM1_OC3Init                    000094e6   defined in Debug\stm8s_tim1.o section .text
                                            used in Debug\led_pwm_control.o
_TIM1_OC3NPolarityConfig         000098f7   defined in Debug\stm8s_tim1.o section .text
_TIM1_OC3PolarityConfig          000098e9   defined in Debug\stm8s_tim1.o section .text
_TIM1_OC3PreloadConfig           00009859   defined in Debug\stm8s_tim1.o section .text
_TIM1_OC4FastConfig              0000989f   defined in Debug\stm8s_tim1.o section .text
_TIM1_OC4Init                    00009543   defined in Debug\stm8s_tim1.o section .text
                                            used in Debug\led_pwm_control.o
_TIM1_OC4PolarityConfig          00009905   defined in Debug\stm8s_tim1.o section .text
_TIM1_OC4PreloadConfig           00009867   defined in Debug\stm8s_tim1.o section .text
_TIM1_PWMIConfig                 00009602   defined in Debug\stm8s_tim1.o section .text
_TIM1_PrescalerConfig            000097c2   defined in Debug\stm8s_tim1.o section .text
_TIM1_SelectCOM                  00009821   defined in Debug\stm8s_tim1.o section .text
_TIM1_SelectHallSensor           00009741   defined in Debug\stm8s_tim1.o section .text
_TIM1_SelectInputTrigger         00009718   defined in Debug\stm8s_tim1.o section .text
_TIM1_SelectMasterSlaveMode      00009777   defined in Debug\stm8s_tim1.o section .text
_TIM1_SelectOCxM                 0000999f   defined in Debug\stm8s_tim1.o section .text
_TIM1_SelectOnePulseMode         0000974f   defined in Debug\stm8s_tim1.o section .text
_TIM1_SelectOutputTrigger        0000975d   defined in Debug\stm8s_tim1.o section .text
_TIM1_SelectSlaveMode            0000976a   defined in Debug\stm8s_tim1.o section .text
_TIM1_SetAutoreload              000099f9   defined in Debug\stm8s_tim1.o section .text
_TIM1_SetCompare1                00009a02   defined in Debug\stm8s_tim1.o section .text
_TIM1_SetCompare2                00009a0b   defined in Debug\stm8s_tim1.o section .text
_TIM1_SetCompare3                00009a14   defined in Debug\stm8s_tim1.o section .text
_TIM1_SetCompare4                00009a1d   defined in Debug\stm8s_tim1.o section .text
_TIM1_SetCounter                 000099f0   defined in Debug\stm8s_tim1.o section .text
_TIM1_SetIC1Prescaler            00009a26   defined in Debug\stm8s_tim1.o section .text
_TIM1_SetIC2Prescaler            00009a33   defined in Debug\stm8s_tim1.o section .text
_TIM1_SetIC3Prescaler            00009a40   defined in Debug\stm8s_tim1.o section .text
_TIM1_SetIC4Prescaler            00009a4d   defined in Debug\stm8s_tim1.o section .text
_TIM1_TIxExternalClockConfig     000096e8   defined in Debug\stm8s_tim1.o section .text
_TIM1_TimeBaseInit               00009408   defined in Debug\stm8s_tim1.o section .text
                                            used in Debug\led_pwm_control.o
_TIM1_UpdateDisableConfig        00009725   defined in Debug\stm8s_tim1.o section .text
_TIM1_UpdateRequestConfig        00009733   defined in Debug\stm8s_tim1.o section .text
_TIM2_ARRPreloadConfig           00009e75   defined in Debug\stm8s_tim2.o section .text
                                            used in Debug\led_pwm_control.o
_TIM2_CCxCmd                     00009edb   defined in Debug\stm8s_tim2.o section .text
_TIM2_ClearFlag                  0000a056   defined in Debug\stm8s_tim2.o section .text
_TIM2_ClearITPendingBit          0000a083   defined in Debug\stm8s_tim2.o section .text
_TIM2_Cmd                        00009df4   defined in Debug\stm8s_tim2.o section .text
                                            used in Debug\led_pwm_control.o
_TIM2_DeInit                     00009c3e   defined in Debug\stm8s_tim2.o section .text
                                            used in Debug\led_pwm_control.o
_TIM2_ForcedOC1Config            00009e4e   defined in Debug\stm8s_tim2.o section .text
_TIM2_ForcedOC2Config            00009e5b   defined in Debug\stm8s_tim2.o section .text
_TIM2_ForcedOC3Config            00009e68   defined in Debug\stm8s_tim2.o section .text
_TIM2_GenerateEvent              00009ead   defined in Debug\stm8s_tim2.o section .text
_TIM2_GetCapture1                00009fa5   defined in Debug\stm8s_tim2.o section .text
_TIM2_GetCapture2                00009fcb   defined in Debug\stm8s_tim2.o section .text
_TIM2_GetCapture3                00009ff1   defined in Debug\stm8s_tim2.o section .text
_TIM2_GetCounter                 0000a017   defined in Debug\stm8s_tim2.o section .text
_TIM2_GetFlagStatus              0000a034   defined in Debug\stm8s_tim2.o section .text
_TIM2_GetITStatus                0000a060   defined in Debug\stm8s_tim2.o section .text
_TIM2_GetPrescaler               0000a030   defined in Debug\stm8s_tim2.o section .text
_TIM2_ICInit                     00009d3d   defined in Debug\stm8s_tim2.o section .text
_TIM2_ITConfig                   00009e02   defined in Debug\stm8s_tim2.o section .text
_TIM2_OC1Init                    00009ca7   defined in Debug\stm8s_tim2.o section .text
                                            used in Debug\led_pwm_control.o
_TIM2_OC1PolarityConfig          00009eb1   defined in Debug\stm8s_tim2.o section .text
_TIM2_OC1PreloadConfig           00009e83   defined in Debug\stm8s_tim2.o section .text
                                            used in Debug\led_pwm_control.o
_TIM2_OC2Init                    00009cd9   defined in Debug\stm8s_tim2.o section .text
_TIM2_OC2PolarityConfig          00009ebf   defined in Debug\stm8s_tim2.o section .text
_TIM2_OC2PreloadConfig           00009e91   defined in Debug\stm8s_tim2.o section .text
_TIM2_OC3Init                    00009d0b   defined in Debug\stm8s_tim2.o section .text
_TIM2_OC3PolarityConfig          00009ecd   defined in Debug\stm8s_tim2.o section .text
_TIM2_OC3PreloadConfig           00009e9f   defined in Debug\stm8s_tim2.o section .text
_TIM2_PWMIConfig                 00009d84   defined in Debug\stm8s_tim2.o section .text
_TIM2_PrescalerConfig            00009e45   defined in Debug\stm8s_tim2.o section .text
_TIM2_SelectOCxM                 00009f16   defined in Debug\stm8s_tim2.o section .text
_TIM2_SelectOnePulseMode         00009e37   defined in Debug\stm8s_tim2.o section .text
_TIM2_SetAutoreload              00009f5a   defined in Debug\stm8s_tim2.o section .text
_TIM2_SetCompare1                00009f63   defined in Debug\stm8s_tim2.o section .text
_TIM2_SetCompare2                00009f6c   defined in Debug\stm8s_tim2.o section .text
_TIM2_SetCompare3                00009f75   defined in Debug\stm8s_tim2.o section .text
_TIM2_SetCounter                 00009f51   defined in Debug\stm8s_tim2.o section .text
_TIM2_SetIC1Prescaler            00009f7e   defined in Debug\stm8s_tim2.o section .text
_TIM2_SetIC2Prescaler            00009f8b   defined in Debug\stm8s_tim2.o section .text
_TIM2_SetIC3Prescaler            00009f98   defined in Debug\stm8s_tim2.o section .text
_TIM2_TimeBaseInit               00009c97   defined in Debug\stm8s_tim2.o section .text
                                            used in Debug\led_pwm_control.o
_TIM2_UpdateDisableConfig        00009e1b   defined in Debug\stm8s_tim2.o section .text
_TIM2_UpdateRequestConfig        00009e29   defined in Debug\stm8s_tim2.o section .text
_TIM3_ARRPreloadConfig           0000a2e5   defined in Debug\stm8s_tim3.o section .text
_TIM3_CCxCmd                     0000a32f   defined in Debug\stm8s_tim3.o section .text
_TIM3_ClearFlag                  0000a442   defined in Debug\stm8s_tim3.o section .text
_TIM3_ClearITPendingBit          0000a473   defined in Debug\stm8s_tim3.o section .text
                                            used in Debug\timer3.o
_TIM3_Cmd                        0000a271   defined in Debug\stm8s_tim3.o section .text
                                            used in Debug\timer3.o
_TIM3_DeInit                     0000a118   defined in Debug\stm8s_tim3.o section .text
                                            used in Debug\timer3.o
_TIM3_ForcedOC1Config            0000a2cb   defined in Debug\stm8s_tim3.o section .text
_TIM3_ForcedOC2Config            0000a2d8   defined in Debug\stm8s_tim3.o section .text
_TIM3_GenerateEvent              0000a30f   defined in Debug\stm8s_tim3.o section .text
_TIM3_GetCapture1                0000a3b7   defined in Debug\stm8s_tim3.o section .text
_TIM3_GetCapture2                0000a3dd   defined in Debug\stm8s_tim3.o section .text
_TIM3_GetCounter                 0000a403   defined in Debug\stm8s_tim3.o section .text
_TIM3_GetFlagStatus              0000a420   defined in Debug\stm8s_tim3.o section .text
_TIM3_GetITStatus                0000a450   defined in Debug\stm8s_tim3.o section .text
_TIM3_GetPrescaler               0000a41c   defined in Debug\stm8s_tim3.o section .text
_TIM3_ICInit                     0000a1d1   defined in Debug\stm8s_tim3.o section .text
_TIM3_ITConfig                   0000a27f   defined in Debug\stm8s_tim3.o section .text
                                            used in Debug\timer3.o
_TIM3_OC1Init                    0000a16d   defined in Debug\stm8s_tim3.o section .text
_TIM3_OC1PolarityConfig          0000a313   defined in Debug\stm8s_tim3.o section .text
_TIM3_OC1PreloadConfig           0000a2f3   defined in Debug\stm8s_tim3.o section .text
_TIM3_OC2Init                    0000a19f   defined in Debug\stm8s_tim3.o section .text
_TIM3_OC2PolarityConfig          0000a321   defined in Debug\stm8s_tim3.o section .text
_TIM3_OC2PreloadConfig           0000a301   defined in Debug\stm8s_tim3.o section .text
_TIM3_PWMIConfig                 0000a1ff   defined in Debug\stm8s_tim3.o section .text
_TIM3_PrescalerConfig            0000a2c2   defined in Debug\stm8s_tim3.o section .text
_TIM3_SelectOCxM                 0000a354   defined in Debug\stm8s_tim3.o section .text
_TIM3_SelectOnePulseMode         0000a2b4   defined in Debug\stm8s_tim3.o section .text
_TIM3_SetAutoreload              0000a382   defined in Debug\stm8s_tim3.o section .text
_TIM3_SetCompare1                0000a38b   defined in Debug\stm8s_tim3.o section .text
_TIM3_SetCompare2                0000a394   defined in Debug\stm8s_tim3.o section .text
_TIM3_SetCounter                 0000a379   defined in Debug\stm8s_tim3.o section .text
_TIM3_SetIC1Prescaler            0000a39d   defined in Debug\stm8s_tim3.o section .text
_TIM3_SetIC2Prescaler            0000a3aa   defined in Debug\stm8s_tim3.o section .text
_TIM3_TimeBaseInit               0000a15d   defined in Debug\stm8s_tim3.o section .text
                                            used in Debug\timer3.o
_TIM3_UpdateDisableConfig        0000a298   defined in Debug\stm8s_tim3.o section .text
_TIM3_UpdateRequestConfig        0000a2a6   defined in Debug\stm8s_tim3.o section .text
_TIM4_ARRPreloadConfig           0000a554   defined in Debug\stm8s_tim4.o section .text
_TIM4_ClearFlag                  0000a589   defined in Debug\stm8s_tim4.o section .text
_TIM4_ClearITPendingBit          0000a5b1   defined in Debug\stm8s_tim4.o section .text
                                            used in Debug\timer4_8bit.o
_TIM4_Cmd                        0000a4fa   defined in Debug\stm8s_tim4.o section .text
                                            used in Debug\timer4_8bit.o
_TIM4_DeInit                     0000a4d8   defined in Debug\stm8s_tim4.o section .text
                                            used in Debug\timer4_8bit.o
_TIM4_GenerateEvent              0000a562   defined in Debug\stm8s_tim4.o section .text
_TIM4_GetCounter                 0000a56e   defined in Debug\stm8s_tim4.o section .text
_TIM4_GetFlagStatus              0000a576   defined in Debug\stm8s_tim4.o section .text
_TIM4_GetITStatus                0000a58e   defined in Debug\stm8s_tim4.o section .text
_TIM4_GetPrescaler               0000a572   defined in Debug\stm8s_tim4.o section .text
_TIM4_ITConfig                   0000a508   defined in Debug\stm8s_tim4.o section .text
                                            used in Debug\timer4_8bit.o
_TIM4_PrescalerConfig            0000a54b   defined in Debug\stm8s_tim4.o section .text
_TIM4_SelectOnePulseMode         0000a53d   defined in Debug\stm8s_tim4.o section .text
_TIM4_SetAutoreload              0000a56a   defined in Debug\stm8s_tim4.o section .text
_TIM4_SetCounter                 0000a566   defined in Debug\stm8s_tim4.o section .text
_TIM4_TimeBaseInit               0000a4f1   defined in Debug\stm8s_tim4.o section .text
                                            used in Debug\timer4_8bit.o
_TIM4_UpdateDisableConfig        0000a521   defined in Debug\stm8s_tim4.o section .text
_TIM4_UpdateRequestConfig        0000a52f   defined in Debug\stm8s_tim4.o section .text
_UART2_ClearFlag                 0000a916   defined in Debug\stm8s_uart2.o section .text
_UART2_ClearITPendingBit         0000a9f2   defined in Debug\stm8s_uart2.o section .text
                                            used in Debug\uart2.o
_UART2_Cmd                       0000a719   defined in Debug\stm8s_uart2.o section .text
_UART2_DeInit                    0000a5b6   defined in Debug\stm8s_uart2.o section .text
                                            used in Debug\uart2.o
_UART2_GetFlagStatus             0000a8b4   defined in Debug\stm8s_uart2.o section .text
                                            used in Debug\uart2.o
_UART2_GetITStatus               0000a942   defined in Debug\stm8s_uart2.o section .text
_UART2_ITConfig                  0000a727   defined in Debug\stm8s_uart2.o section .text
                                            used in Debug\uart2.o
_UART2_Init                      0000a5dd   defined in Debug\stm8s_uart2.o section .text
                                            used in Debug\uart2.o
_UART2_IrDACmd                   0000a7c7   defined in Debug\stm8s_uart2.o section .text
_UART2_IrDAConfig                0000a7b9   defined in Debug\stm8s_uart2.o section .text
_UART2_LINBreakDetectionConfig   0000a7d5   defined in Debug\stm8s_uart2.o section .text
_UART2_LINCmd                    0000a810   defined in Debug\stm8s_uart2.o section .text
_UART2_LINConfig                 0000a7e3   defined in Debug\stm8s_uart2.o section .text
_UART2_ReceiveData8              0000a853   defined in Debug\stm8s_uart2.o section .text
                                            used in Debug\uart2.o
_UART2_ReceiveData9              0000a857   defined in Debug\stm8s_uart2.o section .text
_UART2_ReceiverWakeUpCmd         0000a845   defined in Debug\stm8s_uart2.o section .text
_UART2_SendBreak                 0000a894   defined in Debug\stm8s_uart2.o section .text
_UART2_SendData8                 0000a879   defined in Debug\stm8s_uart2.o section .text
                                            used in Debug\uart2.o
_UART2_SendData9                 0000a87d   defined in Debug\stm8s_uart2.o section .text
_UART2_SetAddress                0000a899   defined in Debug\stm8s_uart2.o section .text
_UART2_SetGuardTime              0000a8ac   defined in Debug\stm8s_uart2.o section .text
_UART2_SetPrescaler              0000a8b0   defined in Debug\stm8s_uart2.o section .text
_UART2_SmartCardCmd              0000a81e   defined in Debug\stm8s_uart2.o section .text
_UART2_SmartCardNACKCmd          0000a82c   defined in Debug\stm8s_uart2.o section .text
_UART2_WakeUpConfig              0000a83a   defined in Debug\stm8s_uart2.o section .text
_Uart_Buffer_Rx                  00000138   defined in Debug\uart2.o section .bss
                                            used in Debug\timer3.o
_Uart_Buffer_Tx                  00000104   defined in Debug\uart2.o section .bss
_Uart_RX_Interrupt               00008348   defined in Debug\uart2.o section .text
_Uart_Rx_index                   00000136   defined in Debug\uart2.o section .bss
                                            used in Debug\timer3.o
_Uart_Tx_Length                  00000102   defined in Debug\uart2.o section .bss
_UratCRC16                       00000144   defined in Debug\timer3.o section .bss
_UratCRC16_compute               00000142   defined in Debug\timer3.o section .bss
__endmem                         000005ff   defined in command file
                                            *** not used ***
__endzp                          0000000a   defined in command file section .ubsct
                                            used in C:\Program Files\COSMIC\CXSTM8_32K\Lib\crtsi0.sm8
__idesc__                        00008290   defined in linker section .init
                                            used in C:\Program Files\COSMIC\CXSTM8_32K\Lib\crtsi0.sm8
__memory                         00000300   defined in command file section .bss
                                            used in C:\Program Files\COSMIC\CXSTM8_32K\Lib\crtsi0.sm8
__stack                          000007ff   defined in command file
                                            used in C:\Program Files\COSMIC\CXSTM8_32K\Lib\crtsi0.sm8
__startmem                       00000300   defined in command file section .bss
                                            *** not used ***
__stext                          00008293   defined in C:\Program Files\COSMIC\CXSTM8_32K\Lib\crtsi0.sm8 section .text
                                            used in Debug\stm8_interrupt_vector.o
__vectab                         00008000   defined in Debug\stm8_interrupt_vector.o section .const
_adc_init                        0000886d   defined in Debug\adc_read.o section .text
                                            used in Debug\lev_g2_main_fun.o
_button_init                     000087fe   defined in Debug\button_control.o section .text
                                            used in Debug\lev_g2_main_fun.o
_c1                              000002e9   defined in Debug\main.o section .bss
_c2                              000002e8   defined in Debug\main.o section .bss
_c4                              000002e7   defined in Debug\main.o section .bss
_clk_setup                       000087be   defined in Debug\clk_setting.o section .text
                                            used in Debug\lev_g2_main_fun.o
_delay_cycles                    00008515   defined in Debug\timer3.o section .text
                                            used in Debug\button_control.o
                                                    Debug\lev_g2_main_fun.o
                                                    Debug\main.o
_delay_ms                        0000849d   defined in Debug\timer4_8bit.o section .text
_exit                            000082dc   defined in C:\Program Files\COSMIC\CXSTM8_32K\Lib\crtsi0.sm8 section .text
_gButtonClick2FunTimeCount       00000147   defined in Debug\button_control.o section .bss
                                            used in Debug\timer3.o
_gButtonContinuesClickCount      00000149   defined in Debug\button_control.o section .bss
                                            used in Debug\timer3.o
_gButtonPressCount               0000014b   defined in Debug\button_control.o section .bss
                                            used in Debug\timer4_8bit.o
                                                    Debug\timer3.o
_getButtonStatus                 0000881f   defined in Debug\button_control.o section .text
_getPIC_OVP_Status               00008758   defined in Debug\gpio_control.o section .text
                                            used in Debug\timer3.o
_getPIC_UVP_Status               0000876b   defined in Debug\gpio_control.o section .text
                                            used in Debug\timer3.o
_gpio_init                       0000872b   defined in Debug\gpio_control.o section .text
_main                            000089b0   defined in Debug\main.o section .text
                                            used in C:\Program Files\COSMIC\CXSTM8_32K\Lib\crtsi0.sm8
_mosfetControl_init              ********   *** removed from Debug\mosfet_control.o ***
_setADP_SOC                      0000877e   defined in Debug\gpio_control.o section .text
_setMosCHG                       ********   *** removed from Debug\mosfet_control.o ***
_setMosDSG                       ********   *** removed from Debug\mosfet_control.o ***
_setURAT_OUTPUT_CONTROL_PIN      0000879e   defined in Debug\gpio_control.o section .text
_startReceiveCount               00000146   defined in Debug\timer3.o section .bss
_test_a                          00000157   defined in Debug\main.o section .bss
_test_f                          0000014d   defined in Debug\main.o section .bss
_test_i                          00000155   defined in Debug\main.o section .bss
_test_l                          00000151   defined in Debug\main.o section .bss
_tim1_init                       0000866d   defined in Debug\led_pwm_control.o section .text
_tim2_init                       000086e7   defined in Debug\led_pwm_control.o section .text
_tim3_init                       000084f5   defined in Debug\timer3.o section .text
                                            used in Debug\lev_g2_main_fun.o
_tim4_init                       00008482   defined in Debug\timer4_8bit.o section .text
_uart_init                       00008325   defined in Debug\uart2.o section .text
                                            used in Debug\lev_g2_main_fun.o
_usMBCRC16                       000082de   defined in Debug\modbus_crc.o section .text
                                            used in Debug\uart2.o Debug\timer3.o
_values                          ********   *** removed from Debug\lev_g2_main_fun.o ***
c_divsl                          0000aa8e   defined in (C:\Program Files\COSMIC\CXSTM8_32K\Lib\libm0.sm8)ldiv.o section .text
                                            *** not used ***
c_divul                          0000aaa5   defined in (C:\Program Files\COSMIC\CXSTM8_32K\Lib\libm0.sm8)ldiv.o section .text
                                            used in (C:\Program Files\COSMIC\CXSTM8_32K\Lib\libm0.sm8)ludiv.o
c_lcmp                           0000aa11   defined in (C:\Program Files\COSMIC\CXSTM8_32K\Lib\libm0.sm8)lcmp.o section .text
                                            used in Debug\timer3.o
c_lgadc                          0000aa31   defined in (C:\Program Files\COSMIC\CXSTM8_32K\Lib\libm0.sm8)lgadc.o section .text
                                            used in Debug\timer3.o
c_lgneg                          0000ab79   defined in (C:\Program Files\COSMIC\CXSTM8_32K\Lib\libm0.sm8)lgneg.o section .text
                                            used in (C:\Program Files\COSMIC\CXSTM8_32K\Lib\libm0.sm8)ldiv.o
c_llsh                           0000aa41   defined in (C:\Program Files\COSMIC\CXSTM8_32K\Lib\libm0.sm8)llsh.o section .text
                                            used in Debug\stm8s_uart2.o
c_lneg                           0000ab8c   defined in (C:\Program Files\COSMIC\CXSTM8_32K\Lib\libm0.sm8)lneg.o section .text
                                            used in (C:\Program Files\COSMIC\CXSTM8_32K\Lib\libm0.sm8)ldiv.o
c_lreg                           00000000   defined in (C:\Program Files\COSMIC\CXSTM8_32K\Lib\libm0.sm8)lreg.o section .ubsct
                                            used in Debug\stm8s_clk.o
                                                    Debug\stm8s_uart2.o
                                                    (C:\Program Files\COSMIC\CXSTM8_32K\Lib\libm0.sm8)lcmp.o
                                                    (C:\Program Files\COSMIC\CXSTM8_32K\Lib\libm0.sm8)llsh.o
                                                    (C:\Program Files\COSMIC\CXSTM8_32K\Lib\libm0.sm8)lsub.o
                                                    (C:\Program Files\COSMIC\CXSTM8_32K\Lib\libm0.sm8)ltor.o
                                                    (C:\Program Files\COSMIC\CXSTM8_32K\Lib\libm0.sm8)ldiv.o
                                                    (C:\Program Files\COSMIC\CXSTM8_32K\Lib\libm0.sm8)lneg.o
                                                    (C:\Program Files\COSMIC\CXSTM8_32K\Lib\libm0.sm8)lursh.o
                                                    (C:\Program Files\COSMIC\CXSTM8_32K\Lib\libm0.sm8)rtol.o
                                                    (C:\Program Files\COSMIC\CXSTM8_32K\Lib\libm0.sm8)smul.o
c_lsub                           0000aa50   defined in (C:\Program Files\COSMIC\CXSTM8_32K\Lib\libm0.sm8)lsub.o section .text
                                            used in Debug\stm8s_uart2.o
c_ltor                           0000aa68   defined in (C:\Program Files\COSMIC\CXSTM8_32K\Lib\libm0.sm8)ltor.o section .text
                                            used in Debug\timer3.o
                                                    Debug\stm8s_clk.o
                                                    Debug\stm8s_uart2.o
c_ludv                           0000aa7a   defined in (C:\Program Files\COSMIC\CXSTM8_32K\Lib\libm0.sm8)ludiv.o section .text
                                            used in Debug\stm8s_clk.o
                                                    Debug\stm8s_uart2.o
c_lursh                          0000aba1   defined in (C:\Program Files\COSMIC\CXSTM8_32K\Lib\libm0.sm8)lursh.o section .text
                                            used in Debug\stm8s_uart2.o
c_rtol                           0000abb0   defined in (C:\Program Files\COSMIC\CXSTM8_32K\Lib\libm0.sm8)rtol.o section .text
                                            used in Debug\stm8s_clk.o
                                                    Debug\stm8s_uart2.o
c_smul                           0000abc2   defined in (C:\Program Files\COSMIC\CXSTM8_32K\Lib\libm0.sm8)smul.o section .text
                                            used in Debug\stm8s_uart2.o
c_x                              00000004   defined in (C:\Program Files\COSMIC\CXSTM8_32K\Lib\libm0.sm8)xreg.o section .ubsct
                                            used in C:\Program Files\COSMIC\CXSTM8_32K\Lib\crtsi0.sm8
                                                    Debug\uart2.o
                                                    Debug\timer4_8bit.o
                                                    Debug\timer3.o
                                                    Debug\button_control.o
                                                    Debug\adc_read.o
                                                    (C:\Program Files\COSMIC\CXSTM8_32K\Lib\libm0.sm8)ldiv.o
c_y                              00000007   defined in (C:\Program Files\COSMIC\CXSTM8_32K\Lib\libm0.sm8)yreg.o section .ubsct
                                            used in C:\Program Files\COSMIC\CXSTM8_32K\Lib\crtsi0.sm8
                                                    Debug\uart2.o
                                                    Debug\timer4_8bit.o
                                                    Debug\timer3.o
                                                    Debug\button_control.o
                                                    Debug\adc_read.o
f_ADC1_IRQHandler                000088cf   defined in Debug\adc_read.o section .text
                                            used in Debug\stm8_interrupt_vector.o
f_EXTI_PORTE_IRQHandler          00008832   defined in Debug\button_control.o section .text
                                            used in Debug\stm8_interrupt_vector.o
f_NonHandledInterrupt            0000ac01   defined in Debug\stm8_interrupt_vector.o section .text
f_TIM3_UPD_OVF_BRK_IRQHandler    0000853f   defined in Debug\timer3.o section .text
                                            used in Debug\stm8_interrupt_vector.o
f_TIM4_UPD_OVF_IRQHandler        0000849e   defined in Debug\timer4_8bit.o section .text
                                            used in Debug\stm8_interrupt_vector.o
f_URAT2_RX_IRQHandler            00008436   defined in Debug\uart2.o section .text
                                            used in Debug\stm8_interrupt_vector.o
