
Map of Release\new_lev.sm8 from link file Release\new_lev.lkf - Sun Jul 22 21:07:12 2012


                               --------
                               Segments
                               --------

start 00008080 end 00008090 length    16 segment .const
start 00008093 end 0000a303 length  8816 segment .text
start 00004000 end 00004000 length     0 segment .eeprom
start 00000000 end 00000000 length     0 segment .bsct
start 00000000 end 00000028 length    40 segment .ubsct
start 00000028 end 00000028 length     0 segment .bit
start 00000028 end 00000028 length     0 segment .share
start 00000100 end 00000100 length     0 segment .data
start 00000100 end 0000010a length    10 segment .bss
start 00000000 end 00000d8c length  3468 segment .info.
start 00008000 end 00008080 length   128 segment .const
start 00008090 end 00008093 length     3 segment .init


                               -------
                               Modules
                               -------

C:\Program Files\COSMIC\CXSTM8_32K\Lib\crtsi0.sm8:
start 00008093 end 000080de length    75 section .text
start 00000100 end 00000100 length     0 section .bss
start 00000000 end 00000000 length     0 section .ubsct
start 00000000 end 0000002f length    47 section .info.

Release\gpio_control.o:
start ******** end ******** length     0 section .text *** removed ***
start 0000002f end 000000b6 length   135 section .info.

Release\adc_read.o:
start 000080de end 00008143 length   101 section .text
start 000000b6 end 00000139 length   131 section .info.

Release\button_control.o:
start 00008143 end 00008197 length    84 section .text
start 00000000 end 00000006 length     6 section .ubsct
start 00000139 end 000001c2 length   137 section .info.

Release\clk_setting.o:
start 00008197 end 000081aa length    19 section .text
start 000001c2 end 00000248 length   134 section .info.

Release\led_pwm_control.o:
start 000081aa end 0000824f length   165 section .text
start 00000248 end 000002d2 length   138 section .info.

Release\main.o:
start 0000824f end 000082a4 length    85 section .text
start 00000006 end 0000001d length    23 section .ubsct
start 000002d2 end 00000351 length   127 section .info.

Release\mosfet_control.o:
start ******** end ******** length     0 section .text *** removed ***
start 00000351 end 000003da length   137 section .info.

Release\timer3.o:
start 000082a4 end 0000834b length   167 section .text
start 000003da end 0000045b length   129 section .info.

Release\timer4_8bit.o:
start 0000834b end 000083d5 length   138 section .text
start 0000045b end 000004e1 length   134 section .info.

Release\uart2.o:
start 000083d5 end 0000842b length    86 section .text
start 00000100 end 0000010a length    10 section .bss
start 0000001d end 0000001e length     1 section .ubsct
start 000004e1 end 00000561 length   128 section .info.

Release\stm8s_adc1.o:
start 0000842b end 000087d9 length   942 section .text
start 00000561 end 000005e6 length   133 section .info.

Release\stm8s_clk.o:
start 000087d9 end 00008ac7 length   750 section .text
start 000005e6 end 0000066a length   132 section .info.
start 00008080 end 0000808c length    12 section .const

Release\stm8s_exti.o:
start 00008ac7 end 00008b88 length   193 section .text
start 0000066a end 000006ef length   133 section .info.

Release\stm8s_gpio.o:
start 00008b88 end 00008c25 length   157 section .text
start 000006ef end 00000774 length   133 section .info.

Release\stm8s_tim1.o:
start 00008c25 end 0000948d length  2152 section .text
start 00000774 end 000007f9 length   133 section .info.

Release\stm8s_tim2.o:
start 0000948d end 00009928 length  1179 section .text
start 000007f9 end 0000087e length   133 section .info.

Release\stm8s_tim3.o:
start 00009928 end 00009c83 length   859 section .text
start 0000087e end 00000903 length   133 section .info.

Release\stm8s_tim4.o:
start 00009c83 end 00009d4c length   201 section .text
start 00000903 end 00000988 length   133 section .info.

Release\stm8s_uart2.o:
start 00009d4c end 0000a112 length   966 section .text
start 00000988 end 00000a0e length   134 section .info.
start 0000808c end 00008090 length     4 section .const

(C:\Program Files\COSMIC\CXSTM8_32K\Lib\libm0.sm8)lcmp.o:
start 0000a112 end 0000a132 length    32 section .text
start 00000a0e end 00000a3c length    46 section .info.

(C:\Program Files\COSMIC\CXSTM8_32K\Lib\libm0.sm8)lgadc.o:
start 0000a132 end 0000a142 length    16 section .text
start 00000a3c end 00000a6b length    47 section .info.

(C:\Program Files\COSMIC\CXSTM8_32K\Lib\libm0.sm8)llsh.o:
start 0000a142 end 0000a151 length    15 section .text
start 00000a6b end 00000a99 length    46 section .info.

(C:\Program Files\COSMIC\CXSTM8_32K\Lib\libm0.sm8)lreg.o:
start 0000001e end 00000022 length     4 section .ubsct
start 00000a99 end 00000ac7 length    46 section .info.

(C:\Program Files\COSMIC\CXSTM8_32K\Lib\libm0.sm8)lsub.o:
start 0000a151 end 0000a169 length    24 section .text
start 00000ac7 end 00000af5 length    46 section .info.

(C:\Program Files\COSMIC\CXSTM8_32K\Lib\libm0.sm8)ltor.o:
start 0000a169 end 0000a17b length    18 section .text
start 00000af5 end 00000b23 length    46 section .info.

(C:\Program Files\COSMIC\CXSTM8_32K\Lib\libm0.sm8)ludiv.o:
start 0000a17b end 0000a18f length    20 section .text
start 00000b23 end 00000b52 length    47 section .info.

(C:\Program Files\COSMIC\CXSTM8_32K\Lib\libm0.sm8)ldiv.o:
start 0000a18f end 0000a27a length   235 section .text
start 00000b52 end 00000b80 length    46 section .info.

(C:\Program Files\COSMIC\CXSTM8_32K\Lib\libm0.sm8)lgneg.o:
start 0000a27a end 0000a28d length    19 section .text
start 00000b80 end 00000baf length    47 section .info.

(C:\Program Files\COSMIC\CXSTM8_32K\Lib\libm0.sm8)lneg.o:
start 0000a28d end 0000a2a2 length    21 section .text
start 00000baf end 00000bdd length    46 section .info.

(C:\Program Files\COSMIC\CXSTM8_32K\Lib\libm0.sm8)lursh.o:
start 0000a2a2 end 0000a2b1 length    15 section .text
start 00000bdd end 00000c0c length    47 section .info.

(C:\Program Files\COSMIC\CXSTM8_32K\Lib\libm0.sm8)rtol.o:
start 0000a2b1 end 0000a2c3 length    18 section .text
start 00000c0c end 00000c3a length    46 section .info.

(C:\Program Files\COSMIC\CXSTM8_32K\Lib\libm0.sm8)smul.o:
start 0000a2c3 end 0000a302 length    63 section .text
start 00000c3a end 00000c68 length    46 section .info.

(C:\Program Files\COSMIC\CXSTM8_32K\Lib\libm0.sm8)xreg.o:
start 00000022 end 00000025 length     3 section .ubsct
start 00000c68 end 00000c96 length    46 section .info.

(C:\Program Files\COSMIC\CXSTM8_32K\Lib\libm0.sm8)yreg.o:
start 00000025 end 00000028 length     3 section .ubsct
start 00000c96 end 00000cc4 length    46 section .info.

Release\stm8_interrupt_vector.o:
start 0000a302 end 0000a303 length     1 section .text
start 00000cc4 end 00000d54 length   144 section .info.
start 00008000 end 00008080 length   128 section .const


                             -----------
                             Stack usage
                             -----------

Release\adc_read.o:
_adc_init                       >   17   (2)
f_ADC1_IRQHandler               >    6   (6)

Release\button_control.o:
_button_init                         8   (2)
f_EXTI_PORTE_IRQHandler         >   23   (11)

Release\clk_setting.o:
_clk_setup                           6   (2)

Release\led_pwm_control.o:
_LED_test_init                       8   (2)
_tim1_init                      >   16   (2)
_tim2_init                      >   10   (2)

Release\main.o:
_main                           >   14   (2)

Release\stm8_interrupt_vector.o:
f_NonHandledInterrupt           >    5   (5)

Release\stm8s_adc1.o:
_ADC1_AWDChannelConfig          >    4   (4)
_ADC1_ClearFlag                 >    4   (4)
_ADC1_ClearITPendingBit         >    5   (5)
_ADC1_Cmd                       >    2   (2)
_ADC1_ConversionConfig               5   (5)
_ADC1_DataBufferCmd                  2   (2)
_ADC1_DeInit                    >    2   (2)
_ADC1_ExternalTriggerConfig          4   (4)
_ADC1_GetAWDChannelStatus       >    4   (4)
_ADC1_GetBufferValue            >    8   (8)
_ADC1_GetConversionValue        >    7   (7)
_ADC1_GetFlagStatus             >    4   (4)
_ADC1_GetITStatus               >    5   (5)
_ADC1_ITConfig                       5   (5)
_ADC1_Init                          15   (10)
_ADC1_PrescalerConfig                3   (3)
_ADC1_ScanModeCmd                    2   (2)
_ADC1_SchmittTriggerConfig           4   (4)
_ADC1_SetHighThreshold          >    4   (4)
_ADC1_SetLowThreshold           >    2   (2)
_ADC1_StartConversion           >    2   (2)

Release\stm8s_clk.o:
_CLK_AdjustHSICalibrationValue  >    3   (3)
_CLK_CCOCmd                     >    2   (2)
_CLK_CCOConfig                  >    3   (3)
_CLK_ClearITPendingBit          >    2   (2)
_CLK_ClockSecuritySystemEnable  >    2   (2)
_CLK_ClockSwitchCmd             >    2   (2)
_CLK_ClockSwitchConfig          >   10   (10)
_CLK_DeInit                     >    2   (2)
_CLK_FastHaltWakeUpCmd          >    2   (2)
_CLK_GetClockFreq                   25   (11)
_CLK_GetFlagStatus              >    7   (7)
_CLK_GetITStatus                >    4   (4)
_CLK_GetSYSCLKSource            >    2   (2)
_CLK_HSECmd                     >    2   (2)
_CLK_HSICmd                     >    2   (2)
_CLK_HSIPrescalerConfig              3   (3)
_CLK_ITConfig                   >    4   (4)
_CLK_LSICmd                     >    2   (2)
_CLK_PeripheralClockConfig           4   (4)
_CLK_SWIMConfig                 >    2   (2)
_CLK_SYSCLKConfig                    3   (3)
_CLK_SYSCLKEmergencyClear       >    2   (2)
_CLK_SlowActiveHaltWakeUpCmd    >    2   (2)

Release\stm8s_exti.o:
_EXTI_DeInit                    >    2   (2)
_EXTI_GetExtIntSensitivity      >    3   (3)
_EXTI_GetTLISensitivity         >    3   (3)
_EXTI_SetExtIntSensitivity           4   (4)
_EXTI_SetTLISensitivity         >    2   (2)

Release\stm8s_gpio.o:
_GPIO_DeInit                    >    2   (2)
_GPIO_ExternalPullUpConfig      >    6   (6)
_GPIO_Init                           6   (6)
_GPIO_ReadInputData             >    2   (2)
_GPIO_ReadInputPin                   5   (5)
_GPIO_ReadOutputData            >    2   (2)
_GPIO_Write                     >    5   (5)
_GPIO_WriteHigh                 >    5   (5)
_GPIO_WriteLow                  >    5   (5)
_GPIO_WriteReverse              >    5   (5)

Release\stm8s_tim1.o:
L11_TI4_Config                       6   (6)
_TIM1_ARRPreloadConfig          >    2   (2)
_TIM1_BDTRConfig                >    9   (9)
_TIM1_CCPreloadControl          >    2   (2)
_TIM1_CCxCmd                    >    4   (4)
_TIM1_CCxNCmd                   >    4   (4)
_TIM1_ClearFlag                 >    4   (4)
_TIM1_ClearITPendingBit         >    2   (2)
_TIM1_Cmd                            2   (2)
_TIM1_CounterModeConfig         >    3   (3)
_TIM1_CtrlPWMOutputs                 2   (2)
_TIM1_DeInit                         2   (2)
_TIM1_ETRClockMode1Config       >   10   (5)
_TIM1_ETRClockMode2Config       >   10   (5)
_TIM1_ETRConfig                      5   (5)
_TIM1_EncoderInterfaceConfig    >    5   (5)
_TIM1_ForcedOC1Config           >    3   (3)
_TIM1_ForcedOC2Config           >    3   (3)
_TIM1_ForcedOC3Config           >    3   (3)
_TIM1_ForcedOC4Config           >    3   (3)
_TIM1_GenerateEvent             >    2   (2)
_TIM1_GetCapture1               >    6   (6)
_TIM1_GetCapture2               >    6   (6)
_TIM1_GetCapture3               >    6   (6)
_TIM1_GetCapture4               >    6   (6)
_TIM1_GetCounter                >    4   (4)
_TIM1_GetFlagStatus             >    6   (6)
_TIM1_GetITStatus               >    5   (5)
_TIM1_GetPrescaler              >    4   (4)
_TIM1_ICInit                    >   13   (7)
_TIM1_ITConfig                  >    4   (4)
_TIM1_InternalClockConfig       >    2   (2)
_TIM1_OC1FastConfig             >    2   (2)
_TIM1_OC1Init                       14   (14)
_TIM1_OC1NPolarityConfig        >    2   (2)
_TIM1_OC1PolarityConfig         >    2   (2)
_TIM1_OC1PreloadConfig          >    2   (2)
_TIM1_OC2FastConfig             >    2   (2)
_TIM1_OC2Init                       14   (14)
_TIM1_OC2NPolarityConfig        >    2   (2)
_TIM1_OC2PolarityConfig         >    2   (2)
_TIM1_OC2PreloadConfig          >    2   (2)
_TIM1_OC3FastConfig             >    2   (2)
_TIM1_OC3Init                       14   (14)
_TIM1_OC3NPolarityConfig        >    2   (2)
_TIM1_OC3PolarityConfig         >    2   (2)
_TIM1_OC3PreloadConfig          >    2   (2)
_TIM1_OC4FastConfig             >    2   (2)
_TIM1_OC4Init                        9   (9)
_TIM1_OC4PolarityConfig         >    2   (2)
_TIM1_OC4PreloadConfig          >    2   (2)
_TIM1_PWMIConfig                >   15   (9)
_TIM1_PrescalerConfig           >    5   (5)
_TIM1_SelectCOM                 >    2   (2)
_TIM1_SelectHallSensor          >    2   (2)
_TIM1_SelectInputTrigger             3   (3)
_TIM1_SelectMasterSlaveMode     >    2   (2)
_TIM1_SelectOCxM                >    4   (4)
_TIM1_SelectOnePulseMode        >    2   (2)
_TIM1_SelectOutputTrigger       >    3   (3)
_TIM1_SelectSlaveMode           >    3   (3)
_TIM1_SetAutoreload             >    2   (2)
_TIM1_SetCompare1               >    2   (2)
_TIM1_SetCompare2               >    2   (2)
_TIM1_SetCompare3               >    2   (2)
_TIM1_SetCompare4               >    2   (2)
_TIM1_SetCounter                >    2   (2)
_TIM1_SetIC1Prescaler                3   (3)
_TIM1_SetIC2Prescaler                3   (3)
_TIM1_SetIC3Prescaler                3   (3)
_TIM1_SetIC4Prescaler                3   (3)
_TIM1_TIxExternalClockConfig    >   11   (5)
_TIM1_TimeBaseInit                   8   (8)
_TIM1_UpdateDisableConfig       >    2   (2)
_TIM1_UpdateRequestConfig       >    2   (2)

Release\stm8s_tim2.o:
L7_TI3_Config                        6   (6)
_TIM2_ARRPreloadConfig               2   (2)
_TIM2_CCxCmd                    >    4   (4)
_TIM2_ClearFlag                 >    2   (2)
_TIM2_ClearITPendingBit         >    2   (2)
_TIM2_Cmd                            2   (2)
_TIM2_DeInit                    >    2   (2)
_TIM2_ForcedOC1Config           >    3   (3)
_TIM2_ForcedOC2Config           >    3   (3)
_TIM2_ForcedOC3Config           >    3   (3)
_TIM2_GenerateEvent             >    2   (2)
_TIM2_GetCapture1               >    6   (6)
_TIM2_GetCapture2               >    6   (6)
_TIM2_GetCapture3               >    6   (6)
_TIM2_GetCounter                >    4   (4)
_TIM2_GetFlagStatus             >    6   (6)
_TIM2_GetITStatus               >    5   (5)
_TIM2_GetPrescaler              >    2   (2)
_TIM2_ICInit                    >   13   (7)
_TIM2_ITConfig                  >    4   (4)
_TIM2_OC1Init                        8   (8)
_TIM2_OC1PolarityConfig         >    2   (2)
_TIM2_OC1PreloadConfig               2   (2)
_TIM2_OC2Init                   >    8   (8)
_TIM2_OC2PolarityConfig         >    2   (2)
_TIM2_OC2PreloadConfig          >    2   (2)
_TIM2_OC3Init                   >    8   (8)
_TIM2_OC3PolarityConfig         >    2   (2)
_TIM2_OC3PreloadConfig          >    2   (2)
_TIM2_PWMIConfig                >   15   (9)
_TIM2_PrescalerConfig           >    2   (2)
_TIM2_SelectOCxM                >    4   (4)
_TIM2_SelectOnePulseMode        >    2   (2)
_TIM2_SetAutoreload             >    2   (2)
_TIM2_SetCompare1               >    2   (2)
_TIM2_SetCompare2               >    2   (2)
_TIM2_SetCompare3               >    2   (2)
_TIM2_SetCounter                >    2   (2)
_TIM2_SetIC1Prescaler                3   (3)
_TIM2_SetIC2Prescaler                3   (3)
_TIM2_SetIC3Prescaler                3   (3)
_TIM2_TimeBaseInit                   5   (5)
_TIM2_UpdateDisableConfig       >    2   (2)
_TIM2_UpdateRequestConfig       >    2   (2)

Release\stm8s_tim3.o:
L3_TI1_Config                        6   (6)
L5_TI2_Config                        6   (6)
_TIM3_ARRPreloadConfig          >    2   (2)
_TIM3_CCxCmd                    >    4   (4)
_TIM3_ClearFlag                 >    4   (4)
_TIM3_ClearITPendingBit              2   (2)
_TIM3_Cmd                            2   (2)
_TIM3_DeInit                         2   (2)
_TIM3_ForcedOC1Config           >    3   (3)
_TIM3_ForcedOC2Config           >    3   (3)
_TIM3_GenerateEvent             >    2   (2)
_TIM3_GetCapture1               >    6   (6)
_TIM3_GetCapture2               >    6   (6)
_TIM3_GetCounter                >    4   (4)
_TIM3_GetFlagStatus             >    6   (6)
_TIM3_GetITStatus               >    5   (5)
_TIM3_GetPrescaler              >    2   (2)
_TIM3_ICInit                    >   13   (7)
_TIM3_ITConfig                       4   (4)
_TIM3_OC1PolarityConfig         >    2   (2)
_TIM3_OC1PreloadConfig          >    2   (2)
_TIM3_OC2Init                   >    8   (8)
_TIM3_OC2PolarityConfig         >    2   (2)
_TIM3_OC2PreloadConfig          >    2   (2)
_TIM3_PWMIConfig                >   15   (9)
_TIM3_PrescalerConfig           >    2   (2)
_TIM3_SelectOCxM                >    4   (4)
_TIM3_SelectOnePulseMode        >    2   (2)
_TIM3_SetAutoreload             >    2   (2)
_TIM3_SetCompare1               >    2   (2)
_TIM3_SetCompare2               >    2   (2)
_TIM3_SetCounter                >    2   (2)
_TIM3_SetIC1Prescaler                3   (3)
_TIM3_SetIC2Prescaler                3   (3)
_TIM3_TimeBaseInit                   5   (5)
_TIM3_UpdateDisableConfig       >    2   (2)
_TIM3_UpdateRequestConfig       >    2   (2)

Release\stm8s_tim4.o:
_TIM4_ARRPreloadConfig          >    2   (2)
_TIM4_ClearFlag                 >    2   (2)
_TIM4_ClearITPendingBit              2   (2)
_TIM4_Cmd                            2   (2)
_TIM4_DeInit                         2   (2)
_TIM4_GenerateEvent             >    2   (2)
_TIM4_GetCounter                >    2   (2)
_TIM4_GetFlagStatus             >    3   (3)
_TIM4_GetITStatus               >    5   (5)
_TIM4_GetPrescaler              >    2   (2)
_TIM4_ITConfig                       4   (4)
_TIM4_PrescalerConfig           >    2   (2)
_TIM4_SelectOnePulseMode        >    2   (2)
_TIM4_SetAutoreload             >    2   (2)
_TIM4_SetCounter                >    2   (2)
_TIM4_TimeBaseInit                   2   (2)
_TIM4_UpdateDisableConfig       >    2   (2)
_TIM4_UpdateRequestConfig       >    2   (2)

Release\stm8s_uart2.o:
_UART2_ClearFlag                >    4   (4)
_UART2_ClearITPendingBit             4   (4)
_UART2_Cmd                      >    2   (2)
_UART2_DeInit                   >    2   (2)
_UART2_GetFlagStatus            >    5   (5)
_UART2_GetITStatus              >    6   (6)
_UART2_ITConfig                      7   (7)
_UART2_Init                         50   (25)
_UART2_IrDACmd                  >    2   (2)
_UART2_IrDAConfig               >    2   (2)
_UART2_LINBreakDetectionConfig  >    2   (2)
_UART2_LINCmd                   >    2   (2)
_UART2_LINConfig                >    5   (5)
_UART2_ReceiveData8                  2   (2)
_UART2_ReceiveData9             >    4   (4)
_UART2_ReceiverWakeUpCmd        >    2   (2)
_UART2_SendBreak                >    2   (2)
_UART2_SendData8                >    2   (2)
_UART2_SendData9                >    4   (4)
_UART2_SetAddress               >    3   (3)
_UART2_SetGuardTime             >    2   (2)
_UART2_SetPrescaler             >    2   (2)
_UART2_SmartCardCmd             >    2   (2)
_UART2_SmartCardNACKCmd         >    2   (2)
_UART2_WakeUpConfig             >    2   (2)

Release\timer3.o:
_tim3_init                           7   (2)
f_TIM3_UPD_OVF_BRK_IRQHandler   >   16   (11)

Release\timer4_8bit.o:
_delay_cycles                       12   (10)
_delay_ms                       >    2   (2)
_tim4_init                      >    6   (2)
f_TIM4_UPD_OVF_IRQHandler       >   16   (11)

Release\uart2.o:
_uart_init                      >   52   (2)
f_URAT2_RX_IRQHandler           >   15   (11)

Stack size: 75


                              ---------
                              Call tree
                              ---------
   1 > _ADC1_AWDChannelConfig: (4)

   2 > _ADC1_ClearFlag: (4)

   3 > _ADC1_ClearITPendingBit: (5)

   4 > _ADC1_Cmd: (2)

   5 > _ADC1_DeInit: (2)

   6 > _ADC1_GetAWDChannelStatus: (4)

   7 > _ADC1_GetBufferValue: (8)

   8 > _ADC1_GetConversionValue: (7)

   9 > _ADC1_GetFlagStatus: (4)

  10 > _ADC1_GetITStatus: (5)

  11 > _ADC1_SetHighThreshold: (4)

  12 > _ADC1_SetLowThreshold: (2)

  13 > _ADC1_StartConversion: (2)

  14 > _CLK_AdjustHSICalibrationValue: (3)

  15 > _CLK_CCOCmd: (2)

  16 > _CLK_CCOConfig: (3)

  17 > _CLK_ClearITPendingBit: (2)

  18 > _CLK_ClockSecuritySystemEnable: (2)

  19 > _CLK_ClockSwitchCmd: (2)

  20 > _CLK_ClockSwitchConfig: (10)

  21 > _CLK_DeInit: (2)

  22 > _CLK_FastHaltWakeUpCmd: (2)

  23 > _CLK_GetFlagStatus: (7)

  24 > _CLK_GetITStatus: (4)

  25 > _CLK_GetSYSCLKSource: (2)

  26 > _CLK_HSECmd: (2)

  27 > _CLK_HSICmd: (2)

  28 > _CLK_ITConfig: (4)

  29 > _CLK_LSICmd: (2)

  30 > _CLK_SWIMConfig: (2)

  31 > _CLK_SYSCLKEmergencyClear: (2)

  32 > _CLK_SlowActiveHaltWakeUpCmd: (2)

  33 > _EXTI_DeInit: (2)

  34 > _EXTI_GetExtIntSensitivity: (3)

  35 > _EXTI_GetTLISensitivity: (3)

  36 > _EXTI_SetTLISensitivity: (2)

  37 > _GPIO_DeInit: (2)

  38 > _GPIO_ExternalPullUpConfig: (6)

  39 > _GPIO_ReadInputData: (2)

  40 > _GPIO_ReadOutputData: (2)

  41 > _GPIO_Write: (5)

  42 > _GPIO_WriteHigh: (5)

  43 > _GPIO_WriteLow: (5)

  44 > _GPIO_WriteReverse: (5)

  45 > _TIM1_ARRPreloadConfig: (2)

  46 > _TIM1_BDTRConfig: (9)

  47 > _TIM1_CCPreloadControl: (2)

  48 > _TIM1_CCxCmd: (4)

  49 > _TIM1_CCxNCmd: (4)

  50 > _TIM1_ClearFlag: (4)

  51 > _TIM1_ClearITPendingBit: (2)

  52 > _TIM1_CounterModeConfig: (3)

  53 > _TIM1_ETRClockMode1Config: (5)
  54      + _TIM1_ETRConfig: (5)
       
  55 > _TIM1_ETRClockMode2Config: (5)
  56      + _TIM1_ETRConfig --> 54
       
  57 > _TIM1_EncoderInterfaceConfig: (5)

  58 > _TIM1_ForcedOC1Config: (3)

  59 > _TIM1_ForcedOC2Config: (3)

  60 > _TIM1_ForcedOC3Config: (3)

  61 > _TIM1_ForcedOC4Config: (3)

  62 > _TIM1_GenerateEvent: (2)

  63 > _TIM1_GetCapture1: (6)

  64 > _TIM1_GetCapture2: (6)

  65 > _TIM1_GetCapture3: (6)

  66 > _TIM1_GetCapture4: (6)

  67 > _TIM1_GetCounter: (4)

  68 > _TIM1_GetFlagStatus: (6)

  69 > _TIM1_GetITStatus: (5)

  70 > _TIM1_GetPrescaler: (4)

  71 > _TIM1_ICInit: (7)
  72      + L11_TI4_Config: (6)
  73      + L3_TI1_Config: (6)
  74      + L5_TI2_Config: (6)
  75      + L7_TI3_Config: (6)
  76      + _TIM1_SetIC1Prescaler: (3)
  77      + _TIM1_SetIC2Prescaler: (3)
  78      + _TIM1_SetIC3Prescaler: (3)
  79      + _TIM1_SetIC4Prescaler: (3)
       
  80 > _TIM1_ITConfig: (4)

  81 > _TIM1_InternalClockConfig: (2)

  82 > _TIM1_OC1FastConfig: (2)

  83 > _TIM1_OC1NPolarityConfig: (2)

  84 > _TIM1_OC1PolarityConfig: (2)

  85 > _TIM1_OC1PreloadConfig: (2)

  86 > _TIM1_OC2FastConfig: (2)

  87 > _TIM1_OC2NPolarityConfig: (2)

  88 > _TIM1_OC2PolarityConfig: (2)

  89 > _TIM1_OC2PreloadConfig: (2)

  90 > _TIM1_OC3FastConfig: (2)

  91 > _TIM1_OC3NPolarityConfig: (2)

  92 > _TIM1_OC3PolarityConfig: (2)

  93 > _TIM1_OC3PreloadConfig: (2)

  94 > _TIM1_OC4FastConfig: (2)

  95 > _TIM1_OC4PolarityConfig: (2)

  96 > _TIM1_OC4PreloadConfig: (2)

  97 > _TIM1_PWMIConfig: (9)
  98      + L3_TI1_Config --> 73
  99      + L5_TI2_Config --> 74
 100      + _TIM1_SetIC1Prescaler --> 76
 101      + _TIM1_SetIC2Prescaler --> 77
       
 102 > _TIM1_PrescalerConfig: (5)

 103 > _TIM1_SelectCOM: (2)

 104 > _TIM1_SelectHallSensor: (2)

 105 > _TIM1_SelectMasterSlaveMode: (2)

 106 > _TIM1_SelectOCxM: (4)

 107 > _TIM1_SelectOnePulseMode: (2)

 108 > _TIM1_SelectOutputTrigger: (3)

 109 > _TIM1_SelectSlaveMode: (3)

 110 > _TIM1_SetAutoreload: (2)

 111 > _TIM1_SetCompare1: (2)

 112 > _TIM1_SetCompare2: (2)

 113 > _TIM1_SetCompare3: (2)

 114 > _TIM1_SetCompare4: (2)

 115 > _TIM1_SetCounter: (2)

 116 > _TIM1_TIxExternalClockConfig: (5)
 117      + L3_TI1_Config --> 73
 118      + L5_TI2_Config --> 74
 119      + _TIM1_SelectInputTrigger: (3)
       
 120 > _TIM1_UpdateDisableConfig: (2)

 121 > _TIM1_UpdateRequestConfig: (2)

 122 > _TIM2_CCxCmd: (4)

 123 > _TIM2_ClearFlag: (2)

 124 > _TIM2_ClearITPendingBit: (2)

 125 > _TIM2_DeInit: (2)

 126 > _TIM2_ForcedOC1Config: (3)

 127 > _TIM2_ForcedOC2Config: (3)

 128 > _TIM2_ForcedOC3Config: (3)

 129 > _TIM2_GenerateEvent: (2)

 130 > _TIM2_GetCapture1: (6)

 131 > _TIM2_GetCapture2: (6)

 132 > _TIM2_GetCapture3: (6)

 133 > _TIM2_GetCounter: (4)

 134 > _TIM2_GetFlagStatus: (6)

 135 > _TIM2_GetITStatus: (5)

 136 > _TIM2_GetPrescaler: (2)

 137 > _TIM2_ICInit: (7)
 138      + L3_TI1_Config --> 73
 139      + L5_TI2_Config --> 74
 140      + L7_TI3_Config --> 75
 141      + _TIM2_SetIC1Prescaler: (3)
 142      + _TIM2_SetIC2Prescaler: (3)
 143      + _TIM2_SetIC3Prescaler: (3)
       
 144 > _TIM2_ITConfig: (4)

 145 > _TIM2_OC1PolarityConfig: (2)

 146 > _TIM2_OC2Init: (8)

 147 > _TIM2_OC2PolarityConfig: (2)

 148 > _TIM2_OC2PreloadConfig: (2)

 149 > _TIM2_OC3Init: (8)

 150 > _TIM2_OC3PolarityConfig: (2)

 151 > _TIM2_OC3PreloadConfig: (2)

 152 > _TIM2_PWMIConfig: (9)
 153      + L3_TI1_Config --> 73
 154      + L5_TI2_Config --> 74
 155      + _TIM2_SetIC1Prescaler --> 141
 156      + _TIM2_SetIC2Prescaler --> 142
       
 157 > _TIM2_PrescalerConfig: (2)

 158 > _TIM2_SelectOCxM: (4)

 159 > _TIM2_SelectOnePulseMode: (2)

 160 > _TIM2_SetAutoreload: (2)

 161 > _TIM2_SetCompare1: (2)

 162 > _TIM2_SetCompare2: (2)

 163 > _TIM2_SetCompare3: (2)

 164 > _TIM2_SetCounter: (2)

 165 > _TIM2_UpdateDisableConfig: (2)

 166 > _TIM2_UpdateRequestConfig: (2)

 167 > _TIM3_ARRPreloadConfig: (2)

 168 > _TIM3_CCxCmd: (4)

 169 > _TIM3_ClearFlag: (4)

 170 > _TIM3_ForcedOC1Config: (3)

 171 > _TIM3_ForcedOC2Config: (3)

 172 > _TIM3_GenerateEvent: (2)

 173 > _TIM3_GetCapture1: (6)

 174 > _TIM3_GetCapture2: (6)

 175 > _TIM3_GetCounter: (4)

 176 > _TIM3_GetFlagStatus: (6)

 177 > _TIM3_GetITStatus: (5)

 178 > _TIM3_GetPrescaler: (2)

 179 > _TIM3_ICInit: (7)
 180      + L3_TI1_Config --> 73
 181      + L5_TI2_Config --> 74
 182      + _TIM3_SetIC1Prescaler: (3)
 183      + _TIM3_SetIC2Prescaler: (3)
       
 184 > _TIM3_OC1PolarityConfig: (2)

 185 > _TIM3_OC1PreloadConfig: (2)

 186 > _TIM3_OC2Init: (8)

 187 > _TIM3_OC2PolarityConfig: (2)

 188 > _TIM3_OC2PreloadConfig: (2)

 189 > _TIM3_PWMIConfig: (9)
 190      + L3_TI1_Config --> 73
 191      + L5_TI2_Config --> 74
 192      + _TIM3_SetIC1Prescaler --> 182
 193      + _TIM3_SetIC2Prescaler --> 183
       
 194 > _TIM3_PrescalerConfig: (2)

 195 > _TIM3_SelectOCxM: (4)

 196 > _TIM3_SelectOnePulseMode: (2)

 197 > _TIM3_SetAutoreload: (2)

 198 > _TIM3_SetCompare1: (2)

 199 > _TIM3_SetCompare2: (2)

 200 > _TIM3_SetCounter: (2)

 201 > _TIM3_UpdateDisableConfig: (2)

 202 > _TIM3_UpdateRequestConfig: (2)

 203 > _TIM4_ARRPreloadConfig: (2)

 204 > _TIM4_ClearFlag: (2)

 205 > _TIM4_GenerateEvent: (2)

 206 > _TIM4_GetCounter: (2)

 207 > _TIM4_GetFlagStatus: (3)

 208 > _TIM4_GetITStatus: (5)

 209 > _TIM4_GetPrescaler: (2)

 210 > _TIM4_PrescalerConfig: (2)

 211 > _TIM4_SelectOnePulseMode: (2)

 212 > _TIM4_SetAutoreload: (2)

 213 > _TIM4_SetCounter: (2)

 214 > _TIM4_UpdateDisableConfig: (2)

 215 > _TIM4_UpdateRequestConfig: (2)

 216 > _UART2_ClearFlag: (4)

 217 > _UART2_Cmd: (2)

 218 > _UART2_DeInit: (2)

 219 > _UART2_GetFlagStatus: (5)

 220 > _UART2_GetITStatus: (6)

 221 > _UART2_IrDACmd: (2)

 222 > _UART2_IrDAConfig: (2)

 223 > _UART2_LINBreakDetectionConfig: (2)

 224 > _UART2_LINCmd: (2)

 225 > _UART2_LINConfig: (5)

 226 > _UART2_ReceiveData9: (4)

 227 > _UART2_ReceiverWakeUpCmd: (2)

 228 > _UART2_SendBreak: (2)

 229 > _UART2_SendData8: (2)

 230 > _UART2_SendData9: (4)

 231 > _UART2_SetAddress: (3)

 232 > _UART2_SetGuardTime: (2)

 233 > _UART2_SetPrescaler: (2)

 234 > _UART2_SmartCardCmd: (2)

 235 > _UART2_SmartCardNACKCmd: (2)

 236 > _UART2_WakeUpConfig: (2)

 237 > __stext: (0)

 238 > _adc_init: (2)
 239      + _ADC1_DataBufferCmd: (2)
 240      + _ADC1_ITConfig: (5)
 241      + _ADC1_Init: (10)
 242      |    + _ADC1_ConversionConfig: (5)
 243      |    + _ADC1_ExternalTriggerConfig: (4)
 244      |    + _ADC1_PrescalerConfig: (3)
 245      |    + _ADC1_SchmittTriggerConfig: (4)
          | 
 246      + _ADC1_ScanModeCmd: (2)
 247      + _GPIO_Init: (6)
       
 248 > _delay_ms: (2)

 249 > _main: (2)
 250      + _GPIO_ReadInputPin: (5)
 251      + _LED_test_init: (2)
 252      |    + _GPIO_Init --> 247
          | 
 253      + _button_init: (2)
 254      |    + _EXTI_SetExtIntSensitivity: (4)
 255      |    + _GPIO_Init --> 247
          | 
 256      + _clk_setup: (2)
 257      |    + _CLK_HSIPrescalerConfig: (3)
 258      |    + _CLK_PeripheralClockConfig: (4)
 259      |    + _CLK_SYSCLKConfig: (3)
          | 
 260      + _delay_cycles: (10)
 261      + _tim3_init: (2)
 262      |    + _TIM3_Cmd: (2)
 263      |    + _TIM3_DeInit: (2)
 264      |    + _TIM3_ITConfig: (4)
 265      |    + _TIM3_TimeBaseInit: (5)
          | 
       
 266 > _tim1_init: (2)
 267      + _TIM1_Cmd: (2)
 268      + _TIM1_CtrlPWMOutputs: (2)
 269      + _TIM1_DeInit: (2)
 270      + _TIM1_OC1Init: (14)
 271      + _TIM1_OC2Init: (14)
 272      + _TIM1_OC3Init: (14)
 273      + _TIM1_OC4Init: (9)
 274      + _TIM1_TimeBaseInit: (8)
       
 275 > _tim2_init: (2)
 276      + _TIM2_ARRPreloadConfig: (2)
 277      + _TIM2_Cmd: (2)
 278      + _TIM2_OC1Init: (8)
 279      + _TIM2_OC1PreloadConfig: (2)
 280      + _TIM2_TimeBaseInit: (5)
       
 281 > _tim4_init: (2)
 282      + _TIM4_Cmd: (2)
 283      + _TIM4_DeInit: (2)
 284      + _TIM4_ITConfig: (4)
 285      + _TIM4_TimeBaseInit: (2)
       
 286 > _uart_init: (2)
 287      + _UART2_ITConfig: (7)
 288      + _UART2_Init: (25)
 289      |    + _CLK_GetClockFreq: (11)
          | 
       
 290 > f_ADC1_IRQHandler: (6)

 291 > f_EXTI_PORTE_IRQHandler: (11)
 292      + _GPIO_ReadInputPin --> 250
 293      + _delay_cycles --> 260
       
 294 > f_NonHandledInterrupt: (5)

 295 > f_TIM3_UPD_OVF_BRK_IRQHandler: (11)
 296      + _GPIO_ReadInputPin --> 250
 297      + _TIM3_ClearITPendingBit: (2)
       
 298 > f_TIM4_UPD_OVF_IRQHandler: (11)
 299      + _GPIO_ReadInputPin --> 250
 300      + _TIM4_ClearITPendingBit: (2)
       
 301 > f_URAT2_RX_IRQHandler: (11)
 302      + _UART2_ClearITPendingBit: (4)
 303      + _UART2_ReceiveData8: (2)
       
 304   L11_TI4_Config --> 72

 305   L3_TI1_Config --> 73

 306   L5_TI2_Config --> 74

 307   L7_TI3_Config --> 75

 308   _ADC1_ConversionConfig --> 242

 309   _ADC1_DataBufferCmd --> 239

 310   _ADC1_ExternalTriggerConfig --> 243

 311   _ADC1_ITConfig --> 240

 312   _ADC1_Init --> 241

 313   _ADC1_PrescalerConfig --> 244

 314   _ADC1_ScanModeCmd --> 246

 315   _ADC1_SchmittTriggerConfig --> 245

 316   _CLK_GetClockFreq --> 289

 317   _CLK_HSIPrescalerConfig --> 257

 318   _CLK_PeripheralClockConfig --> 258

 319   _CLK_SYSCLKConfig --> 259

 320   _EXTI_SetExtIntSensitivity --> 254

 321   _GPIO_Init --> 247

 322   _GPIO_ReadInputPin --> 250

 323   _LED_test_init --> 251

 324   _TIM1_Cmd --> 267

 325   _TIM1_CtrlPWMOutputs --> 268

 326   _TIM1_DeInit --> 269

 327   _TIM1_ETRConfig --> 54

 328   _TIM1_OC1Init --> 270

 329   _TIM1_OC2Init --> 271

 330   _TIM1_OC3Init --> 272

 331   _TIM1_OC4Init --> 273

 332   _TIM1_SelectInputTrigger --> 119

 333   _TIM1_SetIC1Prescaler --> 76

 334   _TIM1_SetIC2Prescaler --> 77

 335   _TIM1_SetIC3Prescaler --> 78

 336   _TIM1_SetIC4Prescaler --> 79

 337   _TIM1_TimeBaseInit --> 274

 338   _TIM2_ARRPreloadConfig --> 276

 339   _TIM2_Cmd --> 277

 340   _TIM2_OC1Init --> 278

 341   _TIM2_OC1PreloadConfig --> 279

 342   _TIM2_SetIC1Prescaler --> 141

 343   _TIM2_SetIC2Prescaler --> 142

 344   _TIM2_SetIC3Prescaler --> 143

 345   _TIM2_TimeBaseInit --> 280

 346   _TIM3_ClearITPendingBit --> 297

 347   _TIM3_Cmd --> 262

 348   _TIM3_DeInit --> 263

 349   _TIM3_ITConfig --> 264

 350   _TIM3_SetIC1Prescaler --> 182

 351   _TIM3_SetIC2Prescaler --> 183

 352   _TIM3_TimeBaseInit --> 265

 353   _TIM4_ClearITPendingBit --> 300

 354   _TIM4_Cmd --> 282

 355   _TIM4_DeInit --> 283

 356   _TIM4_ITConfig --> 284

 357   _TIM4_TimeBaseInit --> 285

 358   _UART2_ClearITPendingBit --> 302

 359   _UART2_ITConfig --> 287

 360   _UART2_Init --> 288

 361   _UART2_ReceiveData8 --> 303

 362   _button_init --> 253

 363   _clk_setup --> 256

 364   _delay_cycles --> 260

 365   _tim3_init --> 261



                               -------
                               Symbols
                               -------

_ADC1_AWDChannelConfig           000085cb   defined in Release\stm8s_adc1.o section .text
_ADC1_ClearFlag                  000086f9   defined in Release\stm8s_adc1.o section .text
_ADC1_ClearITPendingBit          0000878d   defined in Release\stm8s_adc1.o section .text
_ADC1_Cmd                        00008482   defined in Release\stm8s_adc1.o section .text
_ADC1_ConversionConfig           00008546   defined in Release\stm8s_adc1.o section .text
_ADC1_DataBufferCmd              0000849c   defined in Release\stm8s_adc1.o section .text
                                            used in Release\adc_read.o
_ADC1_DeInit                     0000842b   defined in Release\stm8s_adc1.o section .text
_ADC1_ExternalTriggerConfig      00008573   defined in Release\stm8s_adc1.o section .text
_ADC1_GetAWDChannelStatus        00008686   defined in Release\stm8s_adc1.o section .text
_ADC1_GetBufferValue             0000863f   defined in Release\stm8s_adc1.o section .text
_ADC1_GetConversionValue         00008599   defined in Release\stm8s_adc1.o section .text
_ADC1_GetFlagStatus              000086b0   defined in Release\stm8s_adc1.o section .text
_ADC1_GetITStatus                0000874d   defined in Release\stm8s_adc1.o section .text
_ADC1_ITConfig                   000084a9   defined in Release\stm8s_adc1.o section .text
                                            used in Release\adc_read.o
_ADC1_Init                       0000845c   defined in Release\stm8s_adc1.o section .text
                                            used in Release\adc_read.o
_ADC1_PrescalerConfig            000084bf   defined in Release\stm8s_adc1.o section .text
_ADC1_ScanModeCmd                0000848f   defined in Release\stm8s_adc1.o section .text
                                            used in Release\adc_read.o
_ADC1_SchmittTriggerConfig       000084d2   defined in Release\stm8s_adc1.o section .text
_ADC1_SetHighThreshold           00008626   defined in Release\stm8s_adc1.o section .text
_ADC1_SetLowThreshold            00008634   defined in Release\stm8s_adc1.o section .text
_ADC1_StartConversion            00008594   defined in Release\stm8s_adc1.o section .text
_CLKPrescTable                   00008084   defined in Release\stm8s_clk.o section .const
                                            *** not used ***
_CLK_AdjustHSICalibrationValue   00008a45   defined in Release\stm8s_clk.o section .text
_CLK_CCOCmd                      00008843   defined in Release\stm8s_clk.o section .text
_CLK_CCOConfig                   00008960   defined in Release\stm8s_clk.o section .text
_CLK_ClearITPendingBit           00008ab9   defined in Release\stm8s_clk.o section .text
_CLK_ClockSecuritySystemEnable   000089db   defined in Release\stm8s_clk.o section .text
_CLK_ClockSwitchCmd              00008850   defined in Release\stm8s_clk.o section .text
_CLK_ClockSwitchConfig           000088c4   defined in Release\stm8s_clk.o section .text
_CLK_DeInit                      000087d9   defined in Release\stm8s_clk.o section .text
_CLK_FastHaltWakeUpCmd           0000880f   defined in Release\stm8s_clk.o section .text
_CLK_GetClockFreq                000089e4   defined in Release\stm8s_clk.o section .text
                                            used in Release\stm8s_uart2.o
_CLK_GetFlagStatus               00008a57   defined in Release\stm8s_clk.o section .text
_CLK_GetITStatus                 00008a9a   defined in Release\stm8s_clk.o section .text
_CLK_GetSYSCLKSource             000089e0   defined in Release\stm8s_clk.o section .text
_CLK_HSECmd                      0000881c   defined in Release\stm8s_clk.o section .text
_CLK_HSICmd                      00008829   defined in Release\stm8s_clk.o section .text
_CLK_HSIPrescalerConfig          0000894d   defined in Release\stm8s_clk.o section .text
                                            used in Release\clk_setting.o
_CLK_ITConfig                    00008977   defined in Release\stm8s_clk.o section .text
_CLK_LSICmd                      00008836   defined in Release\stm8s_clk.o section .text
_CLK_PeripheralClockConfig       0000886a   defined in Release\stm8s_clk.o section .text
                                            used in Release\clk_setting.o
_CLK_SWIMConfig                  000089ce   defined in Release\stm8s_clk.o section .text
_CLK_SYSCLKConfig                000089a7   defined in Release\stm8s_clk.o section .text
                                            used in Release\clk_setting.o
_CLK_SYSCLKEmergencyClear        00008a52   defined in Release\stm8s_clk.o section .text
_CLK_SlowActiveHaltWakeUpCmd     0000885d   defined in Release\stm8s_clk.o section .text
_EXTI_DeInit                     00008ac7   defined in Release\stm8s_exti.o section .text
_EXTI_GetExtIntSensitivity       00008b43   defined in Release\stm8s_exti.o section .text
_EXTI_GetTLISensitivity          00008b7f   defined in Release\stm8s_exti.o section .text
_EXTI_SetExtIntSensitivity       00008ad0   defined in Release\stm8s_exti.o section .text
                                            used in Release\button_control.o
_EXTI_SetTLISensitivity          00008b38   defined in Release\stm8s_exti.o section .text
_GPIO_DeInit                     00008b88   defined in Release\stm8s_gpio.o section .text
_GPIO_ExternalPullUpConfig       00008c0f   defined in Release\stm8s_gpio.o section .text
_GPIO_Init                       00008b90   defined in Release\stm8s_gpio.o section .text
                                            used in Release\gpio_control.o
                                                    Release\adc_read.o
                                                    Release\button_control.o
                                                    Release\led_pwm_control.o
                                                    Release\mosfet_control.o
_GPIO_ReadInputData              00008c05   defined in Release\stm8s_gpio.o section .text
_GPIO_ReadInputPin               00008c08   defined in Release\stm8s_gpio.o section .text
                                            used in Release\button_control.o
                                                    Release\main.o
                                                    Release\timer3.o
                                                    Release\timer4_8bit.o
_GPIO_ReadOutputData             00008c03   defined in Release\stm8s_gpio.o section .text
_GPIO_Write                      00008be5   defined in Release\stm8s_gpio.o section .text
_GPIO_WriteHigh                  00008bed   defined in Release\stm8s_gpio.o section .text
_GPIO_WriteLow                   00008bf4   defined in Release\stm8s_gpio.o section .text
_GPIO_WriteReverse               00008bfc   defined in Release\stm8s_gpio.o section .text
_G_Var_Array                     00000009   defined in Release\main.o section .ubsct
                                            used in Release\button_control.o
                                                    Release\mosfet_control.o
                                                    Release\timer3.o
                                                    Release\timer4_8bit.o
_HSIDivFactor                    00008080   defined in Release\stm8s_clk.o section .const
_LED_test_init                   00008243   defined in Release\led_pwm_control.o section .text
                                            used in Release\main.o
_TIM1_ARRPreloadConfig           000090ae   defined in Release\stm8s_tim1.o section .text
_TIM1_BDTRConfig                 00008e3d   defined in Release\stm8s_tim1.o section .text
_TIM1_CCPreloadControl           000090c8   defined in Release\stm8s_tim1.o section .text
_TIM1_CCxCmd                     0000919c   defined in Release\stm8s_tim1.o section .text
_TIM1_CCxNCmd                    000091eb   defined in Release\stm8s_tim1.o section .text
_TIM1_ClearFlag                  0000939a   defined in Release\stm8s_tim1.o section .text
_TIM1_ClearITPendingBit          000093c8   defined in Release\stm8s_tim1.o section .text
_TIM1_Cmd                        00008f1e   defined in Release\stm8s_tim1.o section .text
                                            used in Release\led_pwm_control.o
_TIM1_CounterModeConfig          0000906d   defined in Release\stm8s_tim1.o section .text
_TIM1_CtrlPWMOutputs             00008f2b   defined in Release\stm8s_tim1.o section .text
                                            used in Release\led_pwm_control.o
_TIM1_DeInit                     00008c25   defined in Release\stm8s_tim1.o section .text
                                            used in Release\led_pwm_control.o
_TIM1_ETRClockMode1Config        00008f57   defined in Release\stm8s_tim1.o section .text
_TIM1_ETRClockMode2Config        00008f6b   defined in Release\stm8s_tim1.o section .text
_TIM1_ETRConfig                  00008f7b   defined in Release\stm8s_tim1.o section .text
_TIM1_EncoderInterfaceConfig     00009020   defined in Release\stm8s_tim1.o section .text
_TIM1_ForcedOC1Config            0000907a   defined in Release\stm8s_tim1.o section .text
_TIM1_ForcedOC2Config            00009087   defined in Release\stm8s_tim1.o section .text
_TIM1_ForcedOC3Config            00009094   defined in Release\stm8s_tim1.o section .text
_TIM1_ForcedOC4Config            000090a1   defined in Release\stm8s_tim1.o section .text
_TIM1_GenerateEvent              0000913d   defined in Release\stm8s_tim1.o section .text
_TIM1_GetCapture1                000092de   defined in Release\stm8s_tim1.o section .text
_TIM1_GetCapture2                000092fb   defined in Release\stm8s_tim1.o section .text
_TIM1_GetCapture3                00009318   defined in Release\stm8s_tim1.o section .text
_TIM1_GetCapture4                00009335   defined in Release\stm8s_tim1.o section .text
_TIM1_GetCounter                 00009352   defined in Release\stm8s_tim1.o section .text
_TIM1_GetFlagStatus              00009382   defined in Release\stm8s_tim1.o section .text
_TIM1_GetITStatus                000093aa   defined in Release\stm8s_tim1.o section .text
_TIM1_GetPrescaler               0000936a   defined in Release\stm8s_tim1.o section .text
_TIM1_ICInit                     00008e57   defined in Release\stm8s_tim1.o section .text
_TIM1_ITConfig                   00008f38   defined in Release\stm8s_tim1.o section .text
_TIM1_InternalClockConfig        00008f4e   defined in Release\stm8s_tim1.o section .text
_TIM1_OC1FastConfig              00009109   defined in Release\stm8s_tim1.o section .text
_TIM1_OC1Init                    00008ce2   defined in Release\stm8s_tim1.o section .text
                                            used in Release\led_pwm_control.o
_TIM1_OC1NPolarityConfig         0000914e   defined in Release\stm8s_tim1.o section .text
_TIM1_OC1PolarityConfig          00009141   defined in Release\stm8s_tim1.o section .text
_TIM1_OC1PreloadConfig           000090d5   defined in Release\stm8s_tim1.o section .text
_TIM1_OC2FastConfig              00009116   defined in Release\stm8s_tim1.o section .text
_TIM1_OC2Init                    00008d3f   defined in Release\stm8s_tim1.o section .text
                                            used in Release\led_pwm_control.o
_TIM1_OC2NPolarityConfig         00009168   defined in Release\stm8s_tim1.o section .text
_TIM1_OC2PolarityConfig          0000915b   defined in Release\stm8s_tim1.o section .text
_TIM1_OC2PreloadConfig           000090e2   defined in Release\stm8s_tim1.o section .text
_TIM1_OC3FastConfig              00009123   defined in Release\stm8s_tim1.o section .text
_TIM1_OC3Init                    00008d9c   defined in Release\stm8s_tim1.o section .text
                                            used in Release\led_pwm_control.o
_TIM1_OC3NPolarityConfig         00009182   defined in Release\stm8s_tim1.o section .text
_TIM1_OC3PolarityConfig          00009175   defined in Release\stm8s_tim1.o section .text
_TIM1_OC3PreloadConfig           000090ef   defined in Release\stm8s_tim1.o section .text
_TIM1_OC4FastConfig              00009130   defined in Release\stm8s_tim1.o section .text
_TIM1_OC4Init                    00008df9   defined in Release\stm8s_tim1.o section .text
                                            used in Release\led_pwm_control.o
_TIM1_OC4PolarityConfig          0000918f   defined in Release\stm8s_tim1.o section .text
_TIM1_OC4PreloadConfig           000090fc   defined in Release\stm8s_tim1.o section .text
_TIM1_PWMIConfig                 00008eb6   defined in Release\stm8s_tim1.o section .text
_TIM1_PrescalerConfig            0000905d   defined in Release\stm8s_tim1.o section .text
_TIM1_SelectCOM                  000090bb   defined in Release\stm8s_tim1.o section .text
_TIM1_SelectHallSensor           00008fdf   defined in Release\stm8s_tim1.o section .text
_TIM1_SelectInputTrigger         00008fb8   defined in Release\stm8s_tim1.o section .text
_TIM1_SelectMasterSlaveMode      00009013   defined in Release\stm8s_tim1.o section .text
_TIM1_SelectOCxM                 00009225   defined in Release\stm8s_tim1.o section .text
_TIM1_SelectOnePulseMode         00008fec   defined in Release\stm8s_tim1.o section .text
_TIM1_SelectOutputTrigger        00008ff9   defined in Release\stm8s_tim1.o section .text
_TIM1_SelectSlaveMode            00009006   defined in Release\stm8s_tim1.o section .text
_TIM1_SetAutoreload              0000927d   defined in Release\stm8s_tim1.o section .text
_TIM1_SetCompare1                00009286   defined in Release\stm8s_tim1.o section .text
_TIM1_SetCompare2                0000928f   defined in Release\stm8s_tim1.o section .text
_TIM1_SetCompare3                00009298   defined in Release\stm8s_tim1.o section .text
_TIM1_SetCompare4                000092a1   defined in Release\stm8s_tim1.o section .text
_TIM1_SetCounter                 00009274   defined in Release\stm8s_tim1.o section .text
_TIM1_SetIC1Prescaler            000092aa   defined in Release\stm8s_tim1.o section .text
_TIM1_SetIC2Prescaler            000092b7   defined in Release\stm8s_tim1.o section .text
_TIM1_SetIC3Prescaler            000092c4   defined in Release\stm8s_tim1.o section .text
_TIM1_SetIC4Prescaler            000092d1   defined in Release\stm8s_tim1.o section .text
_TIM1_TIxExternalClockConfig     00008f89   defined in Release\stm8s_tim1.o section .text
_TIM1_TimeBaseInit               00008cbe   defined in Release\stm8s_tim1.o section .text
                                            used in Release\led_pwm_control.o
_TIM1_UpdateDisableConfig        00008fc5   defined in Release\stm8s_tim1.o section .text
_TIM1_UpdateRequestConfig        00008fd2   defined in Release\stm8s_tim1.o section .text
_TIM2_ARRPreloadConfig           000096b9   defined in Release\stm8s_tim2.o section .text
                                            used in Release\led_pwm_control.o
_TIM2_CCxCmd                     00009718   defined in Release\stm8s_tim2.o section .text
_TIM2_ClearFlag                  0000986b   defined in Release\stm8s_tim2.o section .text
_TIM2_ClearITPendingBit          00009893   defined in Release\stm8s_tim2.o section .text
_TIM2_Cmd                        0000963f   defined in Release\stm8s_tim2.o section .text
                                            used in Release\led_pwm_control.o
_TIM2_DeInit                     0000948d   defined in Release\stm8s_tim2.o section .text
_TIM2_ForcedOC1Config            00009692   defined in Release\stm8s_tim2.o section .text
_TIM2_ForcedOC2Config            0000969f   defined in Release\stm8s_tim2.o section .text
_TIM2_ForcedOC3Config            000096ac   defined in Release\stm8s_tim2.o section .text
_TIM2_GenerateEvent              000096ed   defined in Release\stm8s_tim2.o section .text
_TIM2_GetCapture1                000097e0   defined in Release\stm8s_tim2.o section .text
_TIM2_GetCapture2                000097fd   defined in Release\stm8s_tim2.o section .text
_TIM2_GetCapture3                0000981a   defined in Release\stm8s_tim2.o section .text
_TIM2_GetCounter                 00009837   defined in Release\stm8s_tim2.o section .text
_TIM2_GetFlagStatus              00009853   defined in Release\stm8s_tim2.o section .text
_TIM2_GetITStatus                00009875   defined in Release\stm8s_tim2.o section .text
_TIM2_GetPrescaler               0000984f   defined in Release\stm8s_tim2.o section .text
_TIM2_ICInit                     0000958c   defined in Release\stm8s_tim2.o section .text
_TIM2_ITConfig                   0000964c   defined in Release\stm8s_tim2.o section .text
_TIM2_OC1Init                    000094f6   defined in Release\stm8s_tim2.o section .text
                                            used in Release\led_pwm_control.o
_TIM2_OC1PolarityConfig          000096f1   defined in Release\stm8s_tim2.o section .text
_TIM2_OC1PreloadConfig           000096c6   defined in Release\stm8s_tim2.o section .text
                                            used in Release\led_pwm_control.o
_TIM2_OC2Init                    00009528   defined in Release\stm8s_tim2.o section .text
_TIM2_OC2PolarityConfig          000096fe   defined in Release\stm8s_tim2.o section .text
_TIM2_OC2PreloadConfig           000096d3   defined in Release\stm8s_tim2.o section .text
_TIM2_OC3Init                    0000955a   defined in Release\stm8s_tim2.o section .text
_TIM2_OC3PolarityConfig          0000970b   defined in Release\stm8s_tim2.o section .text
_TIM2_OC3PreloadConfig           000096e0   defined in Release\stm8s_tim2.o section .text
_TIM2_PWMIConfig                 000095d2   defined in Release\stm8s_tim2.o section .text
_TIM2_PrescalerConfig            00009689   defined in Release\stm8s_tim2.o section .text
_TIM2_SelectOCxM                 00009752   defined in Release\stm8s_tim2.o section .text
_TIM2_SelectOnePulseMode         0000967c   defined in Release\stm8s_tim2.o section .text
_TIM2_SetAutoreload              00009795   defined in Release\stm8s_tim2.o section .text
_TIM2_SetCompare1                0000979e   defined in Release\stm8s_tim2.o section .text
_TIM2_SetCompare2                000097a7   defined in Release\stm8s_tim2.o section .text
_TIM2_SetCompare3                000097b0   defined in Release\stm8s_tim2.o section .text
_TIM2_SetCounter                 0000978c   defined in Release\stm8s_tim2.o section .text
_TIM2_SetIC1Prescaler            000097b9   defined in Release\stm8s_tim2.o section .text
_TIM2_SetIC2Prescaler            000097c6   defined in Release\stm8s_tim2.o section .text
_TIM2_SetIC3Prescaler            000097d3   defined in Release\stm8s_tim2.o section .text
_TIM2_TimeBaseInit               000094e6   defined in Release\stm8s_tim2.o section .text
                                            used in Release\led_pwm_control.o
_TIM2_UpdateDisableConfig        00009662   defined in Release\stm8s_tim2.o section .text
_TIM2_UpdateRequestConfig        0000966f   defined in Release\stm8s_tim2.o section .text
_TIM3_ARRPreloadConfig           00009ab7   defined in Release\stm8s_tim3.o section .text
_TIM3_CCxCmd                     00009afc   defined in Release\stm8s_tim3.o section .text
_TIM3_ClearFlag                  00009bf2   defined in Release\stm8s_tim3.o section .text
_TIM3_ClearITPendingBit          00009c1e   defined in Release\stm8s_tim3.o section .text
                                            used in Release\timer3.o
_TIM3_Cmd                        00009a4a   defined in Release\stm8s_tim3.o section .text
                                            used in Release\timer3.o
_TIM3_DeInit                     00009928   defined in Release\stm8s_tim3.o section .text
                                            used in Release\timer3.o
_TIM3_ForcedOC1Config            00009a9d   defined in Release\stm8s_tim3.o section .text
_TIM3_ForcedOC2Config            00009aaa   defined in Release\stm8s_tim3.o section .text
_TIM3_GenerateEvent              00009ade   defined in Release\stm8s_tim3.o section .text
_TIM3_GetCapture1                00009b84   defined in Release\stm8s_tim3.o section .text
_TIM3_GetCapture2                00009ba1   defined in Release\stm8s_tim3.o section .text
_TIM3_GetCounter                 00009bbe   defined in Release\stm8s_tim3.o section .text
_TIM3_GetFlagStatus              00009bda   defined in Release\stm8s_tim3.o section .text
_TIM3_GetITStatus                00009c00   defined in Release\stm8s_tim3.o section .text
_TIM3_GetPrescaler               00009bd6   defined in Release\stm8s_tim3.o section .text
_TIM3_ICInit                     000099af   defined in Release\stm8s_tim3.o section .text
_TIM3_ITConfig                   00009a57   defined in Release\stm8s_tim3.o section .text
                                            used in Release\timer3.o
_TIM3_OC1PolarityConfig          00009ae2   defined in Release\stm8s_tim3.o section .text
_TIM3_OC1PreloadConfig           00009ac4   defined in Release\stm8s_tim3.o section .text
_TIM3_OC2Init                    0000997d   defined in Release\stm8s_tim3.o section .text
_TIM3_OC2PolarityConfig          00009aef   defined in Release\stm8s_tim3.o section .text
_TIM3_OC2PreloadConfig           00009ad1   defined in Release\stm8s_tim3.o section .text
_TIM3_PWMIConfig                 000099dc   defined in Release\stm8s_tim3.o section .text
_TIM3_PrescalerConfig            00009a94   defined in Release\stm8s_tim3.o section .text
_TIM3_SelectOCxM                 00009b21   defined in Release\stm8s_tim3.o section .text
_TIM3_SelectOnePulseMode         00009a87   defined in Release\stm8s_tim3.o section .text
_TIM3_SetAutoreload              00009b4f   defined in Release\stm8s_tim3.o section .text
_TIM3_SetCompare1                00009b58   defined in Release\stm8s_tim3.o section .text
_TIM3_SetCompare2                00009b61   defined in Release\stm8s_tim3.o section .text
_TIM3_SetCounter                 00009b46   defined in Release\stm8s_tim3.o section .text
_TIM3_SetIC1Prescaler            00009b6a   defined in Release\stm8s_tim3.o section .text
_TIM3_SetIC2Prescaler            00009b77   defined in Release\stm8s_tim3.o section .text
_TIM3_TimeBaseInit               0000996d   defined in Release\stm8s_tim3.o section .text
                                            used in Release\timer3.o
_TIM3_UpdateDisableConfig        00009a6d   defined in Release\stm8s_tim3.o section .text
_TIM3_UpdateRequestConfig        00009a7a   defined in Release\stm8s_tim3.o section .text
_TIM4_ARRPreloadConfig           00009cf8   defined in Release\stm8s_tim4.o section .text
_TIM4_ClearFlag                  00009d24   defined in Release\stm8s_tim4.o section .text
_TIM4_ClearITPendingBit          00009d47   defined in Release\stm8s_tim4.o section .text
                                            used in Release\timer4_8bit.o
_TIM4_Cmd                        00009ca5   defined in Release\stm8s_tim4.o section .text
                                            used in Release\timer4_8bit.o
_TIM4_DeInit                     00009c83   defined in Release\stm8s_tim4.o section .text
                                            used in Release\timer4_8bit.o
_TIM4_GenerateEvent              00009d05   defined in Release\stm8s_tim4.o section .text
_TIM4_GetCounter                 00009d11   defined in Release\stm8s_tim4.o section .text
_TIM4_GetFlagStatus              00009d19   defined in Release\stm8s_tim4.o section .text
_TIM4_GetITStatus                00009d29   defined in Release\stm8s_tim4.o section .text
_TIM4_GetPrescaler               00009d15   defined in Release\stm8s_tim4.o section .text
_TIM4_ITConfig                   00009cb2   defined in Release\stm8s_tim4.o section .text
                                            used in Release\timer4_8bit.o
_TIM4_PrescalerConfig            00009cef   defined in Release\stm8s_tim4.o section .text
_TIM4_SelectOnePulseMode         00009ce2   defined in Release\stm8s_tim4.o section .text
_TIM4_SetAutoreload              00009d0d   defined in Release\stm8s_tim4.o section .text
_TIM4_SetCounter                 00009d09   defined in Release\stm8s_tim4.o section .text
_TIM4_TimeBaseInit               00009c9c   defined in Release\stm8s_tim4.o section .text
                                            used in Release\timer4_8bit.o
_TIM4_UpdateDisableConfig        00009cc8   defined in Release\stm8s_tim4.o section .text
_TIM4_UpdateRequestConfig        00009cd5   defined in Release\stm8s_tim4.o section .text
_UART2_ClearFlag                 0000a04e   defined in Release\stm8s_uart2.o section .text
_UART2_ClearITPendingBit         0000a0f3   defined in Release\stm8s_uart2.o section .text
                                            used in Release\uart2.o
_UART2_Cmd                       00009e94   defined in Release\stm8s_uart2.o section .text
_UART2_DeInit                    00009d4c   defined in Release\stm8s_uart2.o section .text
_UART2_GetFlagStatus             0000a00d   defined in Release\stm8s_uart2.o section .text
_UART2_GetITStatus               0000a078   defined in Release\stm8s_uart2.o section .text
_UART2_ITConfig                  00009ea1   defined in Release\stm8s_uart2.o section .text
                                            used in Release\uart2.o
_UART2_Init                      00009d73   defined in Release\stm8s_uart2.o section .text
                                            used in Release\uart2.o
_UART2_IrDACmd                   00009f2c   defined in Release\stm8s_uart2.o section .text
_UART2_IrDAConfig                00009f1f   defined in Release\stm8s_uart2.o section .text
_UART2_LINBreakDetectionConfig   00009f39   defined in Release\stm8s_uart2.o section .text
_UART2_LINCmd                    00009f73   defined in Release\stm8s_uart2.o section .text
_UART2_LINConfig                 00009f46   defined in Release\stm8s_uart2.o section .text
_UART2_ReceiveData8              00009fb2   defined in Release\stm8s_uart2.o section .text
                                            used in Release\uart2.o
_UART2_ReceiveData9              00009fb6   defined in Release\stm8s_uart2.o section .text
_UART2_ReceiverWakeUpCmd         00009fa5   defined in Release\stm8s_uart2.o section .text
_UART2_SendBreak                 00009fed   defined in Release\stm8s_uart2.o section .text
_UART2_SendData8                 00009fd2   defined in Release\stm8s_uart2.o section .text
_UART2_SendData9                 00009fd6   defined in Release\stm8s_uart2.o section .text
_UART2_SetAddress                00009ff2   defined in Release\stm8s_uart2.o section .text
_UART2_SetGuardTime              0000a005   defined in Release\stm8s_uart2.o section .text
_UART2_SetPrescaler              0000a009   defined in Release\stm8s_uart2.o section .text
_UART2_SmartCardCmd              00009f80   defined in Release\stm8s_uart2.o section .text
_UART2_SmartCardNACKCmd          00009f8d   defined in Release\stm8s_uart2.o section .text
_UART2_WakeUpConfig              00009f9a   defined in Release\stm8s_uart2.o section .text
_Uart_Buffer_Rx                  00000100   defined in Release\uart2.o section .bss
_Uart_Rx_index                   0000001d   defined in Release\uart2.o section .ubsct
__endmem                         000005ff   defined in command file
                                            *** not used ***
__endzp                          00000028   defined in command file section .ubsct
                                            used in C:\Program Files\COSMIC\CXSTM8_32K\Lib\crtsi0.sm8
__idesc__                        00008090   defined in linker section .init
                                            used in C:\Program Files\COSMIC\CXSTM8_32K\Lib\crtsi0.sm8
__memory                         0000010a   defined in command file section .bss
                                            used in C:\Program Files\COSMIC\CXSTM8_32K\Lib\crtsi0.sm8
__stack                          000007ff   defined in command file
                                            used in C:\Program Files\COSMIC\CXSTM8_32K\Lib\crtsi0.sm8
__startmem                       0000010a   defined in command file section .bss
                                            *** not used ***
__stext                          00008093   defined in C:\Program Files\COSMIC\CXSTM8_32K\Lib\crtsi0.sm8 section .text
                                            used in Release\stm8_interrupt_vector.o
__vectab                         00008000   defined in Release\stm8_interrupt_vector.o section .const
                                            *** not used ***
_adc_init                        000080de   defined in Release\adc_read.o section .text
_button_init                     00008143   defined in Release\button_control.o section .text
                                            used in Release\main.o
_c1                              00000008   defined in Release\main.o section .ubsct
_c2                              00000007   defined in Release\main.o section .ubsct
_c4                              00000006   defined in Release\main.o section .ubsct
                                            *** not used ***
_clk_setup                       00008197   defined in Release\clk_setting.o section .text
                                            used in Release\main.o
_delay_cycles                    00008366   defined in Release\timer4_8bit.o section .text
                                            used in Release\button_control.o
                                                    Release\main.o
_delay_ms                        00008365   defined in Release\timer4_8bit.o section .text
_exit                            000080dc   defined in C:\Program Files\COSMIC\CXSTM8_32K\Lib\crtsi0.sm8 section .text
_gButtonClick2FunTimeCount       00000000   defined in Release\button_control.o section .ubsct
                                            used in Release\timer3.o
_gButtonContinuesClickCount      00000002   defined in Release\button_control.o section .ubsct
                                            used in Release\timer3.o
_gButtonPressCount               00000004   defined in Release\button_control.o section .ubsct
                                            used in Release\timer3.o
                                                    Release\timer4_8bit.o
_gpio_init                       ********   *** removed from Release\gpio_control.o ***
_main                            0000824f   defined in Release\main.o section .text
                                            used in C:\Program Files\COSMIC\CXSTM8_32K\Lib\crtsi0.sm8
_mosfetControl_init              ********   *** removed from Release\mosfet_control.o ***
_tim1_init                       000081aa   defined in Release\led_pwm_control.o section .text
_tim2_init                       0000821a   defined in Release\led_pwm_control.o section .text
_tim3_init                       000082a4   defined in Release\timer3.o section .text
                                            used in Release\main.o
_tim4_init                       0000834b   defined in Release\timer4_8bit.o section .text
_uart_init                       000083d5   defined in Release\uart2.o section .text
c_divsl                          0000a18f   defined in (C:\Program Files\COSMIC\CXSTM8_32K\Lib\libm0.sm8)ldiv.o section .text
                                            *** not used ***
c_divul                          0000a1a6   defined in (C:\Program Files\COSMIC\CXSTM8_32K\Lib\libm0.sm8)ldiv.o section .text
                                            used in (C:\Program Files\COSMIC\CXSTM8_32K\Lib\libm0.sm8)ludiv.o
c_lcmp                           0000a112   defined in (C:\Program Files\COSMIC\CXSTM8_32K\Lib\libm0.sm8)lcmp.o section .text
                                            used in Release\timer4_8bit.o
c_lgadc                          0000a132   defined in (C:\Program Files\COSMIC\CXSTM8_32K\Lib\libm0.sm8)lgadc.o section .text
                                            used in Release\timer4_8bit.o
c_lgneg                          0000a27a   defined in (C:\Program Files\COSMIC\CXSTM8_32K\Lib\libm0.sm8)lgneg.o section .text
                                            used in (C:\Program Files\COSMIC\CXSTM8_32K\Lib\libm0.sm8)ldiv.o
c_llsh                           0000a142   defined in (C:\Program Files\COSMIC\CXSTM8_32K\Lib\libm0.sm8)llsh.o section .text
                                            used in Release\stm8s_uart2.o
c_lneg                           0000a28d   defined in (C:\Program Files\COSMIC\CXSTM8_32K\Lib\libm0.sm8)lneg.o section .text
                                            used in (C:\Program Files\COSMIC\CXSTM8_32K\Lib\libm0.sm8)ldiv.o
c_lreg                           0000001e   defined in (C:\Program Files\COSMIC\CXSTM8_32K\Lib\libm0.sm8)lreg.o section .ubsct
                                            used in Release\stm8s_clk.o
                                                    Release\stm8s_uart2.o
                                                    (C:\Program Files\COSMIC\CXSTM8_32K\Lib\libm0.sm8)lcmp.o
                                                    (C:\Program Files\COSMIC\CXSTM8_32K\Lib\libm0.sm8)llsh.o
                                                    (C:\Program Files\COSMIC\CXSTM8_32K\Lib\libm0.sm8)lsub.o
                                                    (C:\Program Files\COSMIC\CXSTM8_32K\Lib\libm0.sm8)ltor.o
                                                    (C:\Program Files\COSMIC\CXSTM8_32K\Lib\libm0.sm8)ldiv.o
                                                    (C:\Program Files\COSMIC\CXSTM8_32K\Lib\libm0.sm8)lneg.o
                                                    (C:\Program Files\COSMIC\CXSTM8_32K\Lib\libm0.sm8)lursh.o
                                                    (C:\Program Files\COSMIC\CXSTM8_32K\Lib\libm0.sm8)rtol.o
                                                    (C:\Program Files\COSMIC\CXSTM8_32K\Lib\libm0.sm8)smul.o
c_lsub                           0000a151   defined in (C:\Program Files\COSMIC\CXSTM8_32K\Lib\libm0.sm8)lsub.o section .text
                                            used in Release\stm8s_uart2.o
c_ltor                           0000a169   defined in (C:\Program Files\COSMIC\CXSTM8_32K\Lib\libm0.sm8)ltor.o section .text
                                            used in Release\timer4_8bit.o
                                                    Release\stm8s_clk.o
                                                    Release\stm8s_uart2.o
c_ludv                           0000a17b   defined in (C:\Program Files\COSMIC\CXSTM8_32K\Lib\libm0.sm8)ludiv.o section .text
                                            used in Release\stm8s_clk.o
                                                    Release\stm8s_uart2.o
c_lursh                          0000a2a2   defined in (C:\Program Files\COSMIC\CXSTM8_32K\Lib\libm0.sm8)lursh.o section .text
                                            used in Release\stm8s_uart2.o
c_rtol                           0000a2b1   defined in (C:\Program Files\COSMIC\CXSTM8_32K\Lib\libm0.sm8)rtol.o section .text
                                            used in Release\stm8s_clk.o
                                                    Release\stm8s_uart2.o
c_smul                           0000a2c3   defined in (C:\Program Files\COSMIC\CXSTM8_32K\Lib\libm0.sm8)smul.o section .text
                                            used in Release\stm8s_uart2.o
c_x                              00000022   defined in (C:\Program Files\COSMIC\CXSTM8_32K\Lib\libm0.sm8)xreg.o section .ubsct
                                            used in C:\Program Files\COSMIC\CXSTM8_32K\Lib\crtsi0.sm8
                                                    Release\button_control.o
                                                    Release\timer3.o
                                                    Release\timer4_8bit.o
                                                    Release\uart2.o
                                                    (C:\Program Files\COSMIC\CXSTM8_32K\Lib\libm0.sm8)ldiv.o
c_y                              00000025   defined in (C:\Program Files\COSMIC\CXSTM8_32K\Lib\libm0.sm8)yreg.o section .ubsct
                                            used in C:\Program Files\COSMIC\CXSTM8_32K\Lib\crtsi0.sm8
                                                    Release\button_control.o
                                                    Release\timer3.o
                                                    Release\timer4_8bit.o
                                                    Release\uart2.o
f_ADC1_IRQHandler                0000813f   defined in Release\adc_read.o section .text
                                            used in Release\stm8_interrupt_vector.o
f_EXTI_PORTE_IRQHandler          0000815f   defined in Release\button_control.o section .text
                                            used in Release\stm8_interrupt_vector.o
f_NonHandledInterrupt            0000a302   defined in Release\stm8_interrupt_vector.o section .text
f_TIM3_UPD_OVF_BRK_IRQHandler    000082bf   defined in Release\timer3.o section .text
                                            used in Release\stm8_interrupt_vector.o
f_TIM4_UPD_OVF_IRQHandler        00008387   defined in Release\timer4_8bit.o section .text
                                            used in Release\stm8_interrupt_vector.o
f_URAT2_RX_IRQHandler            000083f6   defined in Release\uart2.o section .text
                                            used in Release\stm8_interrupt_vector.o
